
Discarded input sections

 .text          0x00000000        0x0 CMakeFiles/untitled1.elf.dir/app/fgetty-0.7/checkpassword.c.obj
 .data          0x00000000        0x0 CMakeFiles/untitled1.elf.dir/app/fgetty-0.7/checkpassword.c.obj
 .bss           0x00000000        0x0 CMakeFiles/untitled1.elf.dir/app/fgetty-0.7/checkpassword.c.obj
 .text.fmt_ulong
                0x00000000       0x58 CMakeFiles/untitled1.elf.dir/app/fgetty-0.7/checkpassword.c.obj
 .rodata.check_pwd_main.str1.4
                0x00000000       0x4c CMakeFiles/untitled1.elf.dir/app/fgetty-0.7/checkpassword.c.obj
 .text.check_pwd_main
                0x00000000      0x280 CMakeFiles/untitled1.elf.dir/app/fgetty-0.7/checkpassword.c.obj
 .comment       0x00000000       0x4a CMakeFiles/untitled1.elf.dir/app/fgetty-0.7/checkpassword.c.obj
 .ARM.attributes
                0x00000000       0x29 CMakeFiles/untitled1.elf.dir/app/fgetty-0.7/checkpassword.c.obj
 .text          0x00000000        0x0 CMakeFiles/untitled1.elf.dir/app/fgetty-0.7/login.c.obj
 .data          0x00000000        0x0 CMakeFiles/untitled1.elf.dir/app/fgetty-0.7/login.c.obj
 .bss           0x00000000        0x0 CMakeFiles/untitled1.elf.dir/app/fgetty-0.7/login.c.obj
 .rodata.str1.4
                0x00000000       0x1c CMakeFiles/untitled1.elf.dir/app/fgetty-0.7/login.c.obj
 .rodata.die.str1.4
                0x00000000        0x2 CMakeFiles/untitled1.elf.dir/app/fgetty-0.7/login.c.obj
 .text.die      0x00000000       0x18 CMakeFiles/untitled1.elf.dir/app/fgetty-0.7/login.c.obj
 .rodata.login_main.str1.4
                0x00000000       0xf1 CMakeFiles/untitled1.elf.dir/app/fgetty-0.7/login.c.obj
 .text.login_main
                0x00000000      0x2c0 CMakeFiles/untitled1.elf.dir/app/fgetty-0.7/login.c.obj
 .rodata        0x00000000        0xc CMakeFiles/untitled1.elf.dir/app/fgetty-0.7/login.c.obj
 .bss.oldtermios
                0x00000000       0x24 CMakeFiles/untitled1.elf.dir/app/fgetty-0.7/login.c.obj
 .comment       0x00000000       0x4a CMakeFiles/untitled1.elf.dir/app/fgetty-0.7/login.c.obj
 .ARM.attributes
                0x00000000       0x29 CMakeFiles/untitled1.elf.dir/app/fgetty-0.7/login.c.obj
 .text          0x00000000        0x0 CMakeFiles/untitled1.elf.dir/app/rc-1.7/addon.c.obj
 .data          0x00000000        0x0 CMakeFiles/untitled1.elf.dir/app/rc-1.7/addon.c.obj
 .bss           0x00000000        0x0 CMakeFiles/untitled1.elf.dir/app/rc-1.7/addon.c.obj
 .rodata.b_sum.str1.4
                0x00000000        0x5 CMakeFiles/untitled1.elf.dir/app/rc-1.7/addon.c.obj
 .text.b_sum    0x00000000       0x38 CMakeFiles/untitled1.elf.dir/app/rc-1.7/addon.c.obj
 .text.b_prod   0x00000000       0x38 CMakeFiles/untitled1.elf.dir/app/rc-1.7/addon.c.obj
 .comment       0x00000000       0x4a CMakeFiles/untitled1.elf.dir/app/rc-1.7/addon.c.obj
 .ARM.attributes
                0x00000000       0x29 CMakeFiles/untitled1.elf.dir/app/rc-1.7/addon.c.obj
 .text          0x00000000        0x0 CMakeFiles/untitled1.elf.dir/app/rc-1.7/builtins.c.obj
 .data          0x00000000        0x0 CMakeFiles/untitled1.elf.dir/app/rc-1.7/builtins.c.obj
 .bss           0x00000000        0x0 CMakeFiles/untitled1.elf.dir/app/rc-1.7/builtins.c.obj
 .text.b_exec   0x00000000        0x4 CMakeFiles/untitled1.elf.dir/app/rc-1.7/builtins.c.obj
 .rodata.b_echo.str1.4
                0x00000000        0xf CMakeFiles/untitled1.elf.dir/app/rc-1.7/builtins.c.obj
 .text.b_echo   0x00000000       0x5c CMakeFiles/untitled1.elf.dir/app/rc-1.7/builtins.c.obj
 .rodata.b_wait.str1.4
                0x00000000       0x38 CMakeFiles/untitled1.elf.dir/app/rc-1.7/builtins.c.obj
 .text.b_wait   0x00000000       0x78 CMakeFiles/untitled1.elf.dir/app/rc-1.7/builtins.c.obj
 .rodata.b_shift.str1.4
                0x00000000       0x1e CMakeFiles/untitled1.elf.dir/app/rc-1.7/builtins.c.obj
 .text.b_shift  0x00000000       0xbc CMakeFiles/untitled1.elf.dir/app/rc-1.7/builtins.c.obj
 .text.b_return
                0x00000000       0x18 CMakeFiles/untitled1.elf.dir/app/rc-1.7/builtins.c.obj
 .text.b_exit   0x00000000       0x18 CMakeFiles/untitled1.elf.dir/app/rc-1.7/builtins.c.obj
 .text.b_eval   0x00000000       0x24 CMakeFiles/untitled1.elf.dir/app/rc-1.7/builtins.c.obj
 .rodata.b_cd.str1.4
                0x00000000       0x3b CMakeFiles/untitled1.elf.dir/app/rc-1.7/builtins.c.obj
 .text.b_cd     0x00000000      0x1a4 CMakeFiles/untitled1.elf.dir/app/rc-1.7/builtins.c.obj
 .rodata.b_dot.str1.4
                0x00000000        0x3 CMakeFiles/untitled1.elf.dir/app/rc-1.7/builtins.c.obj
 .text.b_dot    0x00000000       0xc0 CMakeFiles/untitled1.elf.dir/app/rc-1.7/builtins.c.obj
 .rodata.b_umask.str1.4
                0x00000000       0x1a CMakeFiles/untitled1.elf.dir/app/rc-1.7/builtins.c.obj
 .text.b_umask  0x00000000       0x7c CMakeFiles/untitled1.elf.dir/app/rc-1.7/builtins.c.obj
 .rodata.b_break.str1.4
                0x00000000        0x6 CMakeFiles/untitled1.elf.dir/app/rc-1.7/builtins.c.obj
[...]
Memory Configuration

Name             Origin             Length             Attributes
RAM              0x20000000         0x00010000         xrw
RAM1             0x68000000         0x00100000         xrw
FLASH            0x08000000         0x00040000         xr
*default*        0x00000000         0xffffffff

Linker script and memory map

LOAD CMakeFiles/untitled1.elf.dir/app/fgetty-0.7/checkpassword.c.obj
LOAD CMakeFiles/untitled1.elf.dir/app/fgetty-0.7/login.c.obj
LOAD CMakeFiles/untitled1.elf.dir/app/rc-1.7/addon.c.obj
LOAD CMakeFiles/untitled1.elf.dir/app/rc-1.7/builtins.c.obj
LOAD CMakeFiles/untitled1.elf.dir/app/rc-1.7/except.c.obj
LOAD CMakeFiles/untitled1.elf.dir/app/rc-1.7/exec.c.obj
LOAD CMakeFiles/untitled1.elf.dir/app/rc-1.7/fn.c.obj
LOAD CMakeFiles/untitled1.elf.dir/app/rc-1.7/footobar.c.obj
LOAD CMakeFiles/untitled1.elf.dir/app/rc-1.7/getopt.c.obj
LOAD CMakeFiles/untitled1.elf.dir/app/rc-1.7/glob.c.obj
LOAD CMakeFiles/untitled1.elf.dir/app/rc-1.7/glom.c.obj
LOAD CMakeFiles/untitled1.elf.dir/app/rc-1.7/hash.c.obj
LOAD CMakeFiles/untitled1.elf.dir/app/rc-1.7/heredoc.c.obj
LOAD CMakeFiles/untitled1.elf.dir/app/rc-1.7/input.c.obj
LOAD CMakeFiles/untitled1.elf.dir/app/rc-1.7/lex.c.obj
LOAD CMakeFiles/untitled1.elf.dir/app/rc-1.7/list.c.obj
LOAD CMakeFiles/untitled1.elf.dir/app/rc-1.7/main.c.obj
LOAD CMakeFiles/untitled1.elf.dir/app/rc-1.7/match.c.obj
LOAD CMakeFiles/untitled1.elf.dir/app/rc-1.7/nalloc.c.obj
LOAD CMakeFiles/untitled1.elf.dir/app/rc-1.7/open.c.obj
LOAD CMakeFiles/untitled1.elf.dir/app/rc-1.7/parse.c.obj
LOAD CMakeFiles/untitled1.elf.dir/app/rc-1.7/print.c.obj
LOAD CMakeFiles/untitled1.elf.dir/app/rc-1.7/redir.c.obj
LOAD CMakeFiles/untitled1.elf.dir/app/rc-1.7/sigmsgs.c.obj
LOAD CMakeFiles/untitled1.elf.dir/app/rc-1.7/signal.c.obj
LOAD CMakeFiles/untitled1.elf.dir/app/rc-1.7/status.c.obj
LOAD CMakeFiles/untitled1.elf.dir/app/rc-1.7/system.c.obj
LOAD CMakeFiles/untitled1.elf.dir/app/rc-1.7/tree.c.obj
LOAD CMakeFiles/untitled1.elf.dir/app/rc-1.7/utils.c.obj
LOAD CMakeFiles/untitled1.elf.dir/app/rc-1.7/var.c.obj
LOAD CMakeFiles/untitled1.elf.dir/app/rc-1.7/wait.c.obj
LOAD CMakeFiles/untitled1.elf.dir/app/rc-1.7/walk.c.obj
LOAD CMakeFiles/untitled1.elf.dir/app/rc-1.7/which.c.obj
LOAD CMakeFiles/untitled1.elf.dir/arch/arm/asm/_arch.c.obj
LOAD CMakeFiles/untitled1.elf.dir/arch/arm/asm/atomic.S.obj
LOAD CMakeFiles/untitled1.elf.dir/arch/arm/asm/call_sigreturn.S.obj
LOAD CMakeFiles/untitled1.elf.dir/arch/arm/asm/init.S.obj
LOAD CMakeFiles/untitled1.elf.dir/arch/arm/asm/isr.c.obj
LOAD CMakeFiles/untitled1.elf.dir/arch/arm/asm/isr_handler.S.obj
LOAD CMakeFiles/untitled1.elf.dir/arch/arm/asm/pre_syscall.S.obj
LOAD CMakeFiles/untitled1.elf.dir/arch/arm/asm/sche.S.obj
LOAD CMakeFiles/untitled1.elf.dir/arch/bsp/CH432T.c.obj
LOAD CMakeFiles/untitled1.elf.dir/arch/bsp/SPI2.c.obj
LOAD CMakeFiles/untitled1.elf.dir/arch/bsp/SysCtlDelay.S.obj
LOAD CMakeFiles/untitled1.elf.dir/arch/bsp/delay.c.obj
LOAD CMakeFiles/untitled1.elf.dir/arch/bsp/dm9000.c.obj
LOAD CMakeFiles/untitled1.elf.dir/arch/bsp/lib/STM32F10x_FWLib/misc.c.obj
LOAD CMakeFiles/untitled1.elf.dir/arch/bsp/lib/STM32F10x_FWLib/stm32f10x_adc.c.obj
LOAD CMakeFiles/untitled1.elf.dir/arch/bsp/lib/STM32F10x_FWLib/stm32f10x_bkp.c.obj
LOAD CMakeFiles/untitled1.elf.dir/arch/bsp/lib/STM32F10x_FWLib/stm32f10x_can.c.obj
LOAD CMakeFiles/untitled1.elf.dir/arch/bsp/lib/STM32F10x_FWLib/stm32f10x_cec.c.obj
LOAD CMakeFiles/untitled1.elf.dir/arch/bsp/lib/STM32F10x_FWLib/stm32f10x_crc.c.obj
LOAD CMakeFiles/untitled1.elf.dir/arch/bsp/lib/STM32F10x_FWLib/stm32f10x_dac.c.obj
LOAD CMakeFiles/untitled1.elf.dir/arch/bsp/lib/STM32F10x_FWLib/stm32f10x_dbgmcu.c.obj
LOAD CMakeFiles/untitled1.elf.dir/arch/bsp/lib/STM32F10x_FWLib/stm32f10x_dma.c.obj
LOAD CMakeFiles/untitled1.elf.dir/arch/bsp/lib/STM32F10x_FWLib/stm32f10x_exti.c.obj
LOAD CMakeFiles/untitled1.elf.dir/arch/bsp/lib/STM32F10x_FWLib/stm32f10x_flash.c.obj
LOAD CMakeFiles/untitled1.elf.dir/arch/bsp/lib/STM32F10x_FWLib/stm32f10x_fsmc.c.obj
LOAD CMakeFiles/untitled1.elf.dir/arch/bsp/lib/STM32F10x_FWLib/stm32f10x_gpio.c.obj
LOAD CMakeFiles/untitled1.elf.dir/arch/bsp/lib/STM32F10x_FWLib/stm32f10x_i2c.c.obj
LOAD CMakeFiles/untitled1.elf.dir/arch/bsp/lib/STM32F10x_FWLib/stm32f10x_iwdg.c.obj
LOAD CMakeFiles/untitled1.elf.dir/arch/bsp/lib/STM32F10x_FWLib/stm32f10x_pwr.c.obj
LOAD CMakeFiles/untitled1.elf.dir/arch/bsp/lib/STM32F10x_FWLib/stm32f10x_rcc.c.obj
LOAD CMakeFiles/untitled1.elf.dir/arch/bsp/lib/STM32F10x_FWLib/stm32f10x_rtc.c.obj
LOAD CMakeFiles/untitled1.elf.dir/arch/bsp/lib/STM32F10x_FWLib/stm32f10x_sdio.c.obj
LOAD CMakeFiles/untitled1.elf.dir/arch/bsp/lib/STM32F10x_FWLib/stm32f10x_spi.c.obj
LOAD CMakeFiles/untitled1.elf.dir/arch/bsp/lib/STM32F10x_FWLib/stm32f10x_tim.c.obj
LOAD CMakeFiles/untitled1.elf.dir/arch/bsp/lib/STM32F10x_FWLib/stm32f10x_usart.c.obj
LOAD CMakeFiles/untitled1.elf.dir/arch/bsp/lib/STM32F10x_FWLib/stm32f10x_wwdg.c.obj
LOAD CMakeFiles/untitled1.elf.dir/arch/bsp/lib/core_cm3.c.obj
LOAD CMakeFiles/untitled1.elf.dir/arch/bsp/lib/stm32f10x_it.c.obj
LOAD CMakeFiles/untitled1.elf.dir/arch/bsp/lib/sys.c.obj
LOAD CMakeFiles/untitled1.elf.dir/arch/bsp/lib/system_stm32f10x.c.obj
LOAD CMakeFiles/untitled1.elf.dir/arch/bsp/net_init.c.obj
LOAD CMakeFiles/untitled1.elf.dir/arch/bsp/rtc.c.obj
LOAD CMakeFiles/untitled1.elf.dir/arch/bsp/sram.c.obj
LOAD CMakeFiles/untitled1.elf.dir/arch/bsp/tim3.c.obj
LOAD CMakeFiles/untitled1.elf.dir/arch/cpu/startup_stm32f103xe.S.obj
LOAD CMakeFiles/untitled1.elf.dir/drivers/bk_flash.c.obj
LOAD CMakeFiles/untitled1.elf.dir/drivers/console.c.obj
LOAD CMakeFiles/untitled1.elf.dir/drivers/null.c.obj
LOAD CMakeFiles/untitled1.elf.dir/drivers/serial.c.obj
LOAD CMakeFiles/untitled1.elf.dir/drivers/tty.c.obj
LOAD CMakeFiles/untitled1.elf.dir/drivers/tty_queue.c.obj
LOAD CMakeFiles/untitled1.elf.dir/elf/elf_main.c.obj
LOAD CMakeFiles/untitled1.elf.dir/elf/loader.c.obj
LOAD CMakeFiles/untitled1.elf.dir/fs/bk.c.obj
LOAD CMakeFiles/untitled1.elf.dir/fs/dev.c.obj
LOAD CMakeFiles/untitled1.elf.dir/fs/fcntl.c.obj
LOAD CMakeFiles/untitled1.elf.dir/fs/file_name.c.obj
LOAD CMakeFiles/untitled1.elf.dir/fs/fs_type.c.obj
LOAD CMakeFiles/untitled1.elf.dir/fs/inode.c.obj
LOAD CMakeFiles/untitled1.elf.dir/fs/ioctl.c.obj
LOAD CMakeFiles/untitled1.elf.dir/fs/mmap.c.obj
LOAD CMakeFiles/untitled1.elf.dir/fs/namei.c.obj
LOAD CMakeFiles/untitled1.elf.dir/fs/open.c.obj
LOAD CMakeFiles/untitled1.elf.dir/fs/rw.c.obj
LOAD CMakeFiles/untitled1.elf.dir/fs/sampleFS/sp_bmap.c.obj
LOAD CMakeFiles/untitled1.elf.dir/fs/sampleFS/sp_dir.c.obj
LOAD CMakeFiles/untitled1.elf.dir/fs/sampleFS/sp_file.c.obj
LOAD CMakeFiles/untitled1.elf.dir/fs/sampleFS/sp_inode.c.obj
LOAD CMakeFiles/untitled1.elf.dir/fs/sampleFS/sp_link.c.obj
LOAD CMakeFiles/untitled1.elf.dir/fs/sampleFS/sp_namei.c.obj
LOAD CMakeFiles/untitled1.elf.dir/fs/sampleFS/sp_rw.c.obj
LOAD CMakeFiles/untitled1.elf.dir/fs/sampleFS/sp_select.c.obj
LOAD CMakeFiles/untitled1.elf.dir/fs/sampleFS/sp_super.c.obj
LOAD CMakeFiles/untitled1.elf.dir/fs/sampleFS/sp_sync.c.obj
LOAD CMakeFiles/untitled1.elf.dir/fs/sampleFS/sp_truncate.c.obj
LOAD CMakeFiles/untitled1.elf.dir/fs/select.c.obj
LOAD CMakeFiles/untitled1.elf.dir/fs/stat.c.obj
LOAD CMakeFiles/untitled1.elf.dir/fs/super.c.obj
LOAD CMakeFiles/untitled1.elf.dir/fs/sync.c.obj
LOAD CMakeFiles/untitled1.elf.dir/ipc/fifo.c.obj
LOAD CMakeFiles/untitled1.elf.dir/ipc/ipc.c.obj
LOAD CMakeFiles/untitled1.elf.dir/ipc/mutex.c.obj
LOAD CMakeFiles/untitled1.elf.dir/ipc/pipe.c.obj
LOAD CMakeFiles/untitled1.elf.dir/ipc/spin_lock.c.obj
LOAD CMakeFiles/untitled1.elf.dir/ipc/sys_msg.c.obj
LOAD CMakeFiles/untitled1.elf.dir/ipc/sys_sem.c.obj
LOAD CMakeFiles/untitled1.elf.dir/ipc/sys_shm.c.obj
LOAD CMakeFiles/untitled1.elf.dir/kernel/exit.c.obj
LOAD CMakeFiles/untitled1.elf.dir/kernel/fork.c.obj
LOAD CMakeFiles/untitled1.elf.dir/kernel/ipc/knl_msg.c.obj
LOAD CMakeFiles/untitled1.elf.dir/kernel/ipc/knl_mutex.c.obj
LOAD CMakeFiles/untitled1.elf.dir/kernel/ipc/knl_sem.c.obj
LOAD CMakeFiles/untitled1.elf.dir/kernel/kill.c.obj
LOAD CMakeFiles/untitled1.elf.dir/kernel/printk.c.obj
LOAD CMakeFiles/untitled1.elf.dir/kernel/sched.c.obj
LOAD CMakeFiles/untitled1.elf.dir/kernel/setup.c.obj
LOAD CMakeFiles/untitled1.elf.dir/kernel/signal.c.obj
LOAD CMakeFiles/untitled1.elf.dir/kernel/sleep.c.obj
LOAD CMakeFiles/untitled1.elf.dir/kernel/smem_knl.c.obj
LOAD CMakeFiles/untitled1.elf.dir/kernel/sys.c.obj
LOAD CMakeFiles/untitled1.elf.dir/kernel/syscall.c.obj
LOAD CMakeFiles/untitled1.elf.dir/kernel/task_create.c.obj
LOAD CMakeFiles/untitled1.elf.dir/kernel/user.c.obj
LOAD CMakeFiles/untitled1.elf.dir/kernel/wait_pid.c.obj
LOAD CMakeFiles/untitled1.elf.dir/lib/dietlibc/arm/__guard.S.obj
LOAD CMakeFiles/untitled1.elf.dir/lib/dietlibc/arm/__testandset.S.obj
LOAD CMakeFiles/untitled1.elf.dir/lib/dietlibc/arm/dyn_syscalls.S.obj
LOAD CMakeFiles/untitled1.elf.dir/lib/dietlibc/arm/start.S.obj
LOAD CMakeFiles/untitled1.elf.dir/lib/dietlibc/dynlinker/ldso_start.S.obj
LOAD CMakeFiles/untitled1.elf.dir/lib/dietlibc/lib/__dtostr.c.obj
LOAD CMakeFiles/untitled1.elf.dir/lib/dietlibc/lib/__fcntl64.c.obj
LOAD CMakeFiles/untitled1.elf.dir/lib/dietlibc/lib/__finite.c.obj
LOAD CMakeFiles/untitled1.elf.dir/lib/dietlibc/lib/__fstat64.c.obj
LOAD CMakeFiles/untitled1.elf.dir/lib/dietlibc/lib/__fstatfs64.c.obj
LOAD CMakeFiles/untitled1.elf.dir/lib/dietlibc/lib/__ftruncate64.c.obj
LOAD CMakeFiles/untitled1.elf.dir/lib/dietlibc/lib/__getcwd.c.obj
LOAD CMakeFiles/untitled1.elf.dir/lib/dietlibc/lib/__isinf.c.obj
LOAD CMakeFiles/untitled1.elf.dir/lib/dietlibc/lib/__isnan.c.obj
LOAD CMakeFiles/untitled1.elf.dir/lib/dietlibc/lib/__lltostr.c.obj
LOAD CMakeFiles/untitled1.elf.dir/lib/dietlibc/lib/__lstat64.c.obj
LOAD CMakeFiles/untitled1.elf.dir/lib/dietlibc/lib/__ltostr.c.obj
LOAD CMakeFiles/untitled1.elf.dir/lib/dietlibc/lib/__nice.c.obj
LOAD CMakeFiles/untitled1.elf.dir/lib/dietlibc/lib/__ptrace.c.obj
LOAD CMakeFiles/untitled1.elf.dir/lib/dietlibc/lib/__sendfile64.c.obj
LOAD CMakeFiles/untitled1.elf.dir/lib/dietlibc/lib/__stat64.c.obj
LOAD CMakeFiles/untitled1.elf.dir/lib/dietlibc/lib/__stat64_cvt.c.obj
LOAD CMakeFiles/untitled1.elf.dir/lib/dietlibc/lib/__statfs64.c.obj
LOAD CMakeFiles/untitled1.elf.dir/lib/dietlibc/lib/__stime.c.obj
LOAD CMakeFiles/untitled1.elf.dir/lib/dietlibc/lib/__sysctl.c.obj
LOAD CMakeFiles/untitled1.elf.dir/lib/dietlibc/lib/__truncate64.c.obj
LOAD CMakeFiles/untitled1.elf.dir/lib/dietlibc/lib/__v_printf.c.obj
LOAD CMakeFiles/untitled1.elf.dir/lib/dietlibc/lib/__v_scanf.c.obj
LOAD CMakeFiles/untitled1.elf.dir/lib/dietlibc/lib/_brk.c.obj
LOAD CMakeFiles/untitled1.elf.dir/lib/dietlibc/lib/abort.c.obj
LOAD CMakeFiles/untitled1.elf.dir/lib/dietlibc/lib/abs.c.obj
LOAD CMakeFiles/untitled1.elf.dir/lib/dietlibc/lib/accept.c.obj
LOAD CMakeFiles/untitled1.elf.dir/lib/dietlibc/lib/adjtime.c.obj
LOAD CMakeFiles/untitled1.elf.dir/lib/dietlibc/lib/alloc.c.obj
LOAD CMakeFiles/untitled1.elf.dir/lib/dietlibc/lib/assert_fail.c.obj
LOAD CMakeFiles/untitled1.elf.dir/lib/dietlibc/lib/atexit.c.obj
LOAD CMakeFiles/untitled1.elf.dir/lib/dietlibc/lib/atof.c.obj
LOAD CMakeFiles/untitled1.elf.dir/lib/dietlibc/lib/atoi.c.obj
LOAD CMakeFiles/untitled1.elf.dir/lib/dietlibc/lib/atol.c.obj
LOAD CMakeFiles/untitled1.elf.dir/lib/dietlibc/lib/atoll.c.obj
LOAD CMakeFiles/untitled1.elf.dir/lib/dietlibc/lib/bind.c.obj
LOAD CMakeFiles/untitled1.elf.dir/lib/dietlibc/lib/binshstr.c.obj
LOAD CMakeFiles/untitled1.elf.dir/lib/dietlibc/lib/bsearch.c.obj
LOAD CMakeFiles/untitled1.elf.dir/lib/dietlibc/lib/cfgetospeed.c.obj
LOAD CMakeFiles/untitled1.elf.dir/lib/dietlibc/lib/cfmakeraw.c.obj
LOAD CMakeFiles/untitled1.elf.dir/lib/dietlibc/lib/cfsetispeed.c.obj
LOAD CMakeFiles/untitled1.elf.dir/lib/dietlibc/lib/cfsetospeed.c.obj
LOAD CMakeFiles/untitled1.elf.dir/lib/dietlibc/lib/closedir.c.obj
LOAD CMakeFiles/untitled1.elf.dir/lib/dietlibc/lib/connect.c.obj
LOAD CMakeFiles/untitled1.elf.dir/lib/dietlibc/lib/creat.c.obj
LOAD CMakeFiles/untitled1.elf.dir/lib/dietlibc/lib/creat64.c.obj
LOAD CMakeFiles/untitled1.elf.dir/lib/dietlibc/lib/div.c.obj
LOAD CMakeFiles/untitled1.elf.dir/lib/dietlibc/lib/errlistu.c.obj
LOAD CMakeFiles/untitled1.elf.dir/lib/dietlibc/lib/errno_location.c.obj
LOAD CMakeFiles/untitled1.elf.dir/lib/dietlibc/lib/exec_lib.c.obj
LOAD CMakeFiles/untitled1.elf.dir/lib/dietlibc/lib/execl.c.obj
LOAD CMakeFiles/untitled1.elf.dir/lib/dietlibc/lib/execle.c.obj
LOAD CMakeFiles/untitled1.elf.dir/lib/dietlibc/lib/execlp.c.obj
LOAD CMakeFiles/untitled1.elf.dir/lib/dietlibc/lib/execv.c.obj
LOAD CMakeFiles/untitled1.elf.dir/lib/dietlibc/lib/execvp.c.obj
LOAD CMakeFiles/untitled1.elf.dir/lib/dietlibc/lib/ffs.c.obj
LOAD CMakeFiles/untitled1.elf.dir/lib/dietlibc/lib/ftw.c.obj
LOAD CMakeFiles/untitled1.elf.dir/lib/dietlibc/lib/ftw64.c.obj
LOAD CMakeFiles/untitled1.elf.dir/lib/dietlibc/lib/getdomainname.c.obj
LOAD CMakeFiles/untitled1.elf.dir/lib/dietlibc/lib/getenv.c.obj
LOAD CMakeFiles/untitled1.elf.dir/lib/dietlibc/lib/gethostname.c.obj
LOAD CMakeFiles/untitled1.elf.dir/lib/dietlibc/lib/getopt.c.obj
LOAD CMakeFiles/untitled1.elf.dir/lib/dietlibc/lib/getpeername.c.obj
LOAD CMakeFiles/untitled1.elf.dir/lib/dietlibc/lib/getpgrp.c.obj
LOAD CMakeFiles/untitled1.elf.dir/lib/dietlibc/lib/getsockname.c.obj
LOAD CMakeFiles/untitled1.elf.dir/lib/dietlibc/lib/getsockopt.c.obj
LOAD CMakeFiles/untitled1.elf.dir/lib/dietlibc/lib/htonl.c.obj
LOAD CMakeFiles/untitled1.elf.dir/lib/dietlibc/lib/htons.c.obj
LOAD CMakeFiles/untitled1.elf.dir/lib/dietlibc/lib/if_indextoname.c.obj
LOAD CMakeFiles/untitled1.elf.dir/lib/dietlibc/lib/if_nameindex.c.obj
LOAD CMakeFiles/untitled1.elf.dir/lib/dietlibc/lib/if_nametoindex.c.obj
LOAD CMakeFiles/untitled1.elf.dir/lib/dietlibc/lib/ipv6constants.c.obj
LOAD CMakeFiles/untitled1.elf.dir/lib/dietlibc/lib/isalnum.c.obj
LOAD CMakeFiles/untitled1.elf.dir/lib/dietlibc/lib/isalpha.c.obj
LOAD CMakeFiles/untitled1.elf.dir/lib/dietlibc/lib/isascii.c.obj
LOAD CMakeFiles/untitled1.elf.dir/lib/dietlibc/lib/isatty.c.obj
LOAD CMakeFiles/untitled1.elf.dir/lib/dietlibc/lib/isblank.c.obj
LOAD CMakeFiles/untitled1.elf.dir/lib/dietlibc/lib/iscntrl.c.obj
LOAD CMakeFiles/untitled1.elf.dir/lib/dietlibc/lib/isdigit.c.obj
LOAD CMakeFiles/untitled1.elf.dir/lib/dietlibc/lib/isgraph.c.obj
LOAD CMakeFiles/untitled1.elf.dir/lib/dietlibc/lib/islower.c.obj
LOAD CMakeFiles/untitled1.elf.dir/lib/dietlibc/lib/isprint.c.obj
LOAD CMakeFiles/untitled1.elf.dir/lib/dietlibc/lib/ispunct.c.obj
LOAD CMakeFiles/untitled1.elf.dir/lib/dietlibc/lib/isspace.c.obj
LOAD CMakeFiles/untitled1.elf.dir/lib/dietlibc/lib/isupper.c.obj
LOAD CMakeFiles/untitled1.elf.dir/lib/dietlibc/lib/iswalnum.c.obj
LOAD CMakeFiles/untitled1.elf.dir/lib/dietlibc/lib/iswalpha.c.obj
LOAD CMakeFiles/untitled1.elf.dir/lib/dietlibc/lib/iswblank.c.obj
LOAD CMakeFiles/untitled1.elf.dir/lib/dietlibc/lib/iswcntrl.c.obj
LOAD CMakeFiles/untitled1.elf.dir/lib/dietlibc/lib/iswdigit.c.obj
LOAD CMakeFiles/untitled1.elf.dir/lib/dietlibc/lib/iswgraph.c.obj
LOAD CMakeFiles/untitled1.elf.dir/lib/dietlibc/lib/iswlower.c.obj
LOAD CMakeFiles/untitled1.elf.dir/lib/dietlibc/lib/iswprint.c.obj
LOAD CMakeFiles/untitled1.elf.dir/lib/dietlibc/lib/iswpunct.c.obj
LOAD CMakeFiles/untitled1.elf.dir/lib/dietlibc/lib/iswspace.c.obj
LOAD CMakeFiles/untitled1.elf.dir/lib/dietlibc/lib/iswupper.c.obj
LOAD CMakeFiles/untitled1.elf.dir/lib/dietlibc/lib/iswxdigit.c.obj
LOAD CMakeFiles/untitled1.elf.dir/lib/dietlibc/lib/isxdigit.c.obj
LOAD CMakeFiles/untitled1.elf.dir/lib/dietlibc/lib/labs.c.obj
LOAD CMakeFiles/untitled1.elf.dir/lib/dietlibc/lib/lc_ctype.c.obj
LOAD CMakeFiles/untitled1.elf.dir/lib/dietlibc/lib/ldiv.c.obj
LOAD CMakeFiles/untitled1.elf.dir/lib/dietlibc/lib/listen.c.obj
LOAD CMakeFiles/untitled1.elf.dir/lib/dietlibc/lib/llabs.c.obj
LOAD CMakeFiles/untitled1.elf.dir/lib/dietlibc/lib/lldiv.c.obj
LOAD CMakeFiles/untitled1.elf.dir/lib/dietlibc/lib/lockf.c.obj
LOAD CMakeFiles/untitled1.elf.dir/lib/dietlibc/lib/longjmp.c.obj
LOAD CMakeFiles/untitled1.elf.dir/lib/dietlibc/lib/lseek64.c.obj
LOAD CMakeFiles/untitled1.elf.dir/lib/dietlibc/lib/memccpy.c.obj
LOAD CMakeFiles/untitled1.elf.dir/lib/dietlibc/lib/memchr.c.obj
LOAD CMakeFiles/untitled1.elf.dir/lib/dietlibc/lib/memcmp.c.obj
LOAD CMakeFiles/untitled1.elf.dir/lib/dietlibc/lib/memcpy.c.obj
LOAD CMakeFiles/untitled1.elf.dir/lib/dietlibc/lib/memmem.c.obj
LOAD CMakeFiles/untitled1.elf.dir/lib/dietlibc/lib/memmove.c.obj
LOAD CMakeFiles/untitled1.elf.dir/lib/dietlibc/lib/memrchr.c.obj
LOAD CMakeFiles/untitled1.elf.dir/lib/dietlibc/lib/memset.c.obj
LOAD CMakeFiles/untitled1.elf.dir/lib/dietlibc/lib/mkfifo.c.obj
LOAD CMakeFiles/untitled1.elf.dir/lib/dietlibc/lib/mmap64.c.obj
LOAD CMakeFiles/untitled1.elf.dir/lib/dietlibc/lib/mq_getattr.c.obj
LOAD CMakeFiles/untitled1.elf.dir/lib/dietlibc/lib/mq_receive.c.obj
LOAD CMakeFiles/untitled1.elf.dir/lib/dietlibc/lib/mq_send.c.obj
LOAD CMakeFiles/untitled1.elf.dir/lib/dietlibc/lib/msgctl.c.obj
LOAD CMakeFiles/untitled1.elf.dir/lib/dietlibc/lib/msgget.c.obj
LOAD CMakeFiles/untitled1.elf.dir/lib/dietlibc/lib/msgrcv.c.obj
LOAD CMakeFiles/untitled1.elf.dir/lib/dietlibc/lib/msgsnd.c.obj
LOAD CMakeFiles/untitled1.elf.dir/lib/dietlibc/lib/open64.c.obj
LOAD CMakeFiles/untitled1.elf.dir/lib/dietlibc/lib/opendir.c.obj
LOAD CMakeFiles/untitled1.elf.dir/lib/dietlibc/lib/perror.c.obj
LOAD CMakeFiles/untitled1.elf.dir/lib/dietlibc/lib/pread.c.obj
LOAD CMakeFiles/untitled1.elf.dir/lib/dietlibc/lib/pselect.c.obj
LOAD CMakeFiles/untitled1.elf.dir/lib/dietlibc/lib/putenv.c.obj
LOAD CMakeFiles/untitled1.elf.dir/lib/dietlibc/lib/pwrite.c.obj
LOAD CMakeFiles/untitled1.elf.dir/lib/dietlibc/lib/qsort.c.obj
LOAD CMakeFiles/untitled1.elf.dir/lib/dietlibc/lib/raise.c.obj
LOAD CMakeFiles/untitled1.elf.dir/lib/dietlibc/lib/rand.c.obj
LOAD CMakeFiles/untitled1.elf.dir/lib/dietlibc/lib/rand48.c.obj
LOAD CMakeFiles/untitled1.elf.dir/lib/dietlibc/lib/rand_r.c.obj
LOAD CMakeFiles/untitled1.elf.dir/lib/dietlibc/lib/readdir.c.obj
LOAD CMakeFiles/untitled1.elf.dir/lib/dietlibc/lib/readdir64.c.obj
LOAD CMakeFiles/untitled1.elf.dir/lib/dietlibc/lib/reboot.c.obj
LOAD CMakeFiles/untitled1.elf.dir/lib/dietlibc/lib/recv.c.obj
LOAD CMakeFiles/untitled1.elf.dir/lib/dietlibc/lib/recvfrom.c.obj
LOAD CMakeFiles/untitled1.elf.dir/lib/dietlibc/lib/recvmsg.c.obj
LOAD CMakeFiles/untitled1.elf.dir/lib/dietlibc/lib/remove.c.obj
LOAD CMakeFiles/untitled1.elf.dir/lib/dietlibc/lib/rewind.c.obj
LOAD CMakeFiles/untitled1.elf.dir/lib/dietlibc/lib/rewinddir.c.obj
LOAD CMakeFiles/untitled1.elf.dir/lib/dietlibc/lib/sbrk.c.obj
LOAD CMakeFiles/untitled1.elf.dir/lib/dietlibc/lib/seekdir.c.obj
LOAD CMakeFiles/untitled1.elf.dir/lib/dietlibc/lib/semctl.c.obj
LOAD CMakeFiles/untitled1.elf.dir/lib/dietlibc/lib/semget.c.obj
LOAD CMakeFiles/untitled1.elf.dir/lib/dietlibc/lib/semop.c.obj
LOAD CMakeFiles/untitled1.elf.dir/lib/dietlibc/lib/send.c.obj
LOAD CMakeFiles/untitled1.elf.dir/lib/dietlibc/lib/sendmsg.c.obj
LOAD CMakeFiles/untitled1.elf.dir/lib/dietlibc/lib/sendto.c.obj
LOAD CMakeFiles/untitled1.elf.dir/lib/dietlibc/lib/setlinebuf.c.obj
LOAD CMakeFiles/untitled1.elf.dir/lib/dietlibc/lib/setpgrp.c.obj
LOAD CMakeFiles/untitled1.elf.dir/lib/dietlibc/lib/setsockopt.c.obj
LOAD CMakeFiles/untitled1.elf.dir/lib/dietlibc/lib/shmat.c.obj
LOAD CMakeFiles/untitled1.elf.dir/lib/dietlibc/lib/shmctl.c.obj
LOAD CMakeFiles/untitled1.elf.dir/lib/dietlibc/lib/shmdt.c.obj
LOAD CMakeFiles/untitled1.elf.dir/lib/dietlibc/lib/shmget.c.obj
LOAD CMakeFiles/untitled1.elf.dir/lib/dietlibc/lib/shutdown.c.obj
LOAD CMakeFiles/untitled1.elf.dir/lib/dietlibc/lib/sigaction.c.obj
LOAD CMakeFiles/untitled1.elf.dir/lib/dietlibc/lib/sigaddset.c.obj
LOAD CMakeFiles/untitled1.elf.dir/lib/dietlibc/lib/sigandset.c.obj
LOAD CMakeFiles/untitled1.elf.dir/lib/dietlibc/lib/sigdelset.c.obj
LOAD CMakeFiles/untitled1.elf.dir/lib/dietlibc/lib/sigemptyset.c.obj
LOAD CMakeFiles/untitled1.elf.dir/lib/dietlibc/lib/sigfillset.c.obj
LOAD CMakeFiles/untitled1.elf.dir/lib/dietlibc/lib/siginterrupt.c.obj
LOAD CMakeFiles/untitled1.elf.dir/lib/dietlibc/lib/sigisemptyset.c.obj
LOAD CMakeFiles/untitled1.elf.dir/lib/dietlibc/lib/sigismember.c.obj
LOAD CMakeFiles/untitled1.elf.dir/lib/dietlibc/lib/sigjmp.c.obj
LOAD CMakeFiles/untitled1.elf.dir/lib/dietlibc/lib/signal.c.obj
LOAD CMakeFiles/untitled1.elf.dir/lib/dietlibc/lib/sigorset.c.obj
LOAD CMakeFiles/untitled1.elf.dir/lib/dietlibc/lib/sigpending.c.obj
LOAD CMakeFiles/untitled1.elf.dir/lib/dietlibc/lib/sigprocmask.c.obj
LOAD CMakeFiles/untitled1.elf.dir/lib/dietlibc/lib/sigqueueinfo.c.obj
LOAD CMakeFiles/untitled1.elf.dir/lib/dietlibc/lib/sigsuspend.c.obj
LOAD CMakeFiles/untitled1.elf.dir/lib/dietlibc/lib/sigtimedwait.c.obj
LOAD CMakeFiles/untitled1.elf.dir/lib/dietlibc/lib/sigwait.c.obj
LOAD CMakeFiles/untitled1.elf.dir/lib/dietlibc/lib/sleep.c.obj
LOAD CMakeFiles/untitled1.elf.dir/lib/dietlibc/lib/snprintf.c.obj
LOAD CMakeFiles/untitled1.elf.dir/lib/dietlibc/lib/socket.c.obj
LOAD CMakeFiles/untitled1.elf.dir/lib/dietlibc/lib/socketpair.c.obj
LOAD CMakeFiles/untitled1.elf.dir/lib/dietlibc/lib/sprintf.c.obj
LOAD CMakeFiles/untitled1.elf.dir/lib/dietlibc/lib/sscanf.c.obj
LOAD CMakeFiles/untitled1.elf.dir/lib/dietlibc/lib/stack_smash_handler.c.obj
LOAD CMakeFiles/untitled1.elf.dir/lib/dietlibc/lib/stack_smash_handler2.c.obj
LOAD CMakeFiles/untitled1.elf.dir/lib/dietlibc/lib/stackgap.c.obj
LOAD CMakeFiles/untitled1.elf.dir/lib/dietlibc/lib/statfs64_cvt.c.obj
LOAD CMakeFiles/untitled1.elf.dir/lib/dietlibc/lib/strcasecmp.c.obj
LOAD CMakeFiles/untitled1.elf.dir/lib/dietlibc/lib/strcat.c.obj
LOAD CMakeFiles/untitled1.elf.dir/lib/dietlibc/lib/strchr.c.obj
LOAD CMakeFiles/untitled1.elf.dir/lib/dietlibc/lib/strcmp.c.obj
LOAD CMakeFiles/untitled1.elf.dir/lib/dietlibc/lib/strcpy.c.obj
LOAD CMakeFiles/untitled1.elf.dir/lib/dietlibc/lib/strcspn.c.obj
LOAD CMakeFiles/untitled1.elf.dir/lib/dietlibc/lib/strdup.c.obj
LOAD CMakeFiles/untitled1.elf.dir/lib/dietlibc/lib/strerror.c.obj
LOAD CMakeFiles/untitled1.elf.dir/lib/dietlibc/lib/strlcat.c.obj
LOAD CMakeFiles/untitled1.elf.dir/lib/dietlibc/lib/strlcpy.c.obj
LOAD CMakeFiles/untitled1.elf.dir/lib/dietlibc/lib/strlen.c.obj
LOAD CMakeFiles/untitled1.elf.dir/lib/dietlibc/lib/strncasecmp.c.obj
LOAD CMakeFiles/untitled1.elf.dir/lib/dietlibc/lib/strncat.c.obj
LOAD CMakeFiles/untitled1.elf.dir/lib/dietlibc/lib/strncmp.c.obj
LOAD CMakeFiles/untitled1.elf.dir/lib/dietlibc/lib/strncpy.c.obj
LOAD CMakeFiles/untitled1.elf.dir/lib/dietlibc/lib/strpbrk.c.obj
LOAD CMakeFiles/untitled1.elf.dir/lib/dietlibc/lib/strrchr.c.obj
LOAD CMakeFiles/untitled1.elf.dir/lib/dietlibc/lib/strsep.c.obj
LOAD CMakeFiles/untitled1.elf.dir/lib/dietlibc/lib/strspn.c.obj
LOAD CMakeFiles/untitled1.elf.dir/lib/dietlibc/lib/strstr.c.obj
LOAD CMakeFiles/untitled1.elf.dir/lib/dietlibc/lib/strtod.c.obj
LOAD CMakeFiles/untitled1.elf.dir/lib/dietlibc/lib/strtof.c.obj
LOAD CMakeFiles/untitled1.elf.dir/lib/dietlibc/lib/strtok.c.obj
LOAD CMakeFiles/untitled1.elf.dir/lib/dietlibc/lib/strtok_r.c.obj
LOAD CMakeFiles/untitled1.elf.dir/lib/dietlibc/lib/strtol.c.obj
LOAD CMakeFiles/untitled1.elf.dir/lib/dietlibc/lib/strtold.c.obj
LOAD CMakeFiles/untitled1.elf.dir/lib/dietlibc/lib/strtoll.c.obj
LOAD CMakeFiles/untitled1.elf.dir/lib/dietlibc/lib/strtoul.c.obj
LOAD CMakeFiles/untitled1.elf.dir/lib/dietlibc/lib/strtoull.c.obj
LOAD CMakeFiles/untitled1.elf.dir/lib/dietlibc/lib/strxfrm.c.obj
LOAD CMakeFiles/untitled1.elf.dir/lib/dietlibc/lib/swab.c.obj
LOAD CMakeFiles/untitled1.elf.dir/lib/dietlibc/lib/sys_siglist.c.obj
LOAD CMakeFiles/untitled1.elf.dir/lib/dietlibc/lib/tcdrain.c.obj
LOAD CMakeFiles/untitled1.elf.dir/lib/dietlibc/lib/tcflow.c.obj
LOAD CMakeFiles/untitled1.elf.dir/lib/dietlibc/lib/tcflush.c.obj
LOAD CMakeFiles/untitled1.elf.dir/lib/dietlibc/lib/tcgetattr.c.obj
LOAD CMakeFiles/untitled1.elf.dir/lib/dietlibc/lib/tcgetpgrp.c.obj
LOAD CMakeFiles/untitled1.elf.dir/lib/dietlibc/lib/tcgetsid.c.obj
LOAD CMakeFiles/untitled1.elf.dir/lib/dietlibc/lib/tcsendbreak.c.obj
LOAD CMakeFiles/untitled1.elf.dir/lib/dietlibc/lib/tcsetattr.c.obj
LOAD CMakeFiles/untitled1.elf.dir/lib/dietlibc/lib/tcsetpgrp.c.obj
LOAD CMakeFiles/untitled1.elf.dir/lib/dietlibc/lib/telldir.c.obj
LOAD CMakeFiles/untitled1.elf.dir/lib/dietlibc/lib/tolower.c.obj
LOAD CMakeFiles/untitled1.elf.dir/lib/dietlibc/lib/toupper.c.obj
LOAD CMakeFiles/untitled1.elf.dir/lib/dietlibc/lib/towlower.c.obj
LOAD CMakeFiles/untitled1.elf.dir/lib/dietlibc/lib/towupper.c.obj
LOAD CMakeFiles/untitled1.elf.dir/lib/dietlibc/lib/ttyname.c.obj
LOAD CMakeFiles/untitled1.elf.dir/lib/dietlibc/lib/usleep.c.obj
LOAD CMakeFiles/untitled1.elf.dir/lib/dietlibc/lib/vfork.c.obj
LOAD CMakeFiles/untitled1.elf.dir/lib/dietlibc/lib/vsnprintf.c.obj
LOAD CMakeFiles/untitled1.elf.dir/lib/dietlibc/lib/vsprintf.c.obj
LOAD CMakeFiles/untitled1.elf.dir/lib/dietlibc/lib/vsscanf.c.obj
LOAD CMakeFiles/untitled1.elf.dir/lib/dietlibc/lib/wait.c.obj
LOAD CMakeFiles/untitled1.elf.dir/lib/dietlibc/lib/wait3.c.obj
LOAD CMakeFiles/untitled1.elf.dir/lib/dietlibc/lib/wcscat.c.obj
LOAD CMakeFiles/untitled1.elf.dir/lib/dietlibc/lib/wcschr.c.obj
LOAD CMakeFiles/untitled1.elf.dir/lib/dietlibc/lib/wcscmp.c.obj
LOAD CMakeFiles/untitled1.elf.dir/lib/dietlibc/lib/wcscpy.c.obj
LOAD CMakeFiles/untitled1.elf.dir/lib/dietlibc/lib/wcslen.c.obj
LOAD CMakeFiles/untitled1.elf.dir/lib/dietlibc/lib/wcsrchr.c.obj
LOAD CMakeFiles/untitled1.elf.dir/lib/dietlibc/lib/write12.c.obj
LOAD CMakeFiles/untitled1.elf.dir/lib/dietlibc/libcompat/clearenv.c.obj
LOAD CMakeFiles/untitled1.elf.dir/lib/dietlibc/libcompat/ctermid.c.obj
LOAD CMakeFiles/untitled1.elf.dir/lib/dietlibc/libcompat/cuserid.c.obj
LOAD CMakeFiles/untitled1.elf.dir/lib/dietlibc/libcompat/daemon.c.obj
LOAD CMakeFiles/untitled1.elf.dir/lib/dietlibc/libcompat/err.c.obj
LOAD CMakeFiles/untitled1.elf.dir/lib/dietlibc/libcompat/errx.c.obj
LOAD CMakeFiles/untitled1.elf.dir/lib/dietlibc/libcompat/ffsl.c.obj
LOAD CMakeFiles/untitled1.elf.dir/lib/dietlibc/libcompat/ffsll.c.obj
LOAD CMakeFiles/untitled1.elf.dir/lib/dietlibc/libcompat/ftok.c.obj
LOAD CMakeFiles/untitled1.elf.dir/lib/dietlibc/libcompat/getdelim.c.obj
LOAD CMakeFiles/untitled1.elf.dir/lib/dietlibc/libcompat/getline.c.obj
LOAD CMakeFiles/untitled1.elf.dir/lib/dietlibc/libcompat/rcmd.c.obj
LOAD CMakeFiles/untitled1.elf.dir/lib/dietlibc/libcompat/re_bsd.c.obj
LOAD CMakeFiles/untitled1.elf.dir/lib/dietlibc/libcompat/stpcpy.c.obj
LOAD CMakeFiles/untitled1.elf.dir/lib/dietlibc/libcompat/strnlen.c.obj
LOAD CMakeFiles/untitled1.elf.dir/lib/dietlibc/libcompat/syscall.S.obj
LOAD CMakeFiles/untitled1.elf.dir/lib/dietlibc/libcompat/toascii.c.obj
LOAD CMakeFiles/untitled1.elf.dir/lib/dietlibc/libcompat/utimes.c.obj
LOAD CMakeFiles/untitled1.elf.dir/lib/dietlibc/libcompat/verr.c.obj
LOAD CMakeFiles/untitled1.elf.dir/lib/dietlibc/libcompat/verrx.c.obj
LOAD CMakeFiles/untitled1.elf.dir/lib/dietlibc/libcompat/vwarn.c.obj
LOAD CMakeFiles/untitled1.elf.dir/lib/dietlibc/libcompat/vwarnx.c.obj
LOAD CMakeFiles/untitled1.elf.dir/lib/dietlibc/libcompat/warn.c.obj
LOAD CMakeFiles/untitled1.elf.dir/lib/dietlibc/libcompat/warnx.c.obj
LOAD CMakeFiles/untitled1.elf.dir/lib/dietlibc/libcruft/__end_parse.c.obj
LOAD CMakeFiles/untitled1.elf.dir/lib/dietlibc/libcruft/__fprepare_parse.c.obj
LOAD CMakeFiles/untitled1.elf.dir/lib/dietlibc/libcruft/__parse.c.obj
LOAD CMakeFiles/untitled1.elf.dir/lib/dietlibc/libcruft/__parse_1.c.obj
LOAD CMakeFiles/untitled1.elf.dir/lib/dietlibc/libcruft/__parse_nws.c.obj
LOAD CMakeFiles/untitled1.elf.dir/lib/dietlibc/libcruft/__parse_ws.c.obj
LOAD CMakeFiles/untitled1.elf.dir/lib/dietlibc/libcruft/__prepare_parse.c.obj
LOAD CMakeFiles/untitled1.elf.dir/lib/dietlibc/libcruft/alphasort.c.obj
LOAD CMakeFiles/untitled1.elf.dir/lib/dietlibc/libcruft/alphasort64.c.obj
LOAD CMakeFiles/untitled1.elf.dir/lib/dietlibc/libcruft/bcopy.c.obj
LOAD CMakeFiles/untitled1.elf.dir/lib/dietlibc/libcruft/bindtextdomain.c.obj
LOAD CMakeFiles/untitled1.elf.dir/lib/dietlibc/libcruft/bzero.c.obj
LOAD CMakeFiles/untitled1.elf.dir/lib/dietlibc/libcruft/clock.c.obj
LOAD CMakeFiles/untitled1.elf.dir/lib/dietlibc/libcruft/confstr.c.obj
LOAD CMakeFiles/untitled1.elf.dir/lib/dietlibc/libcruft/dcgettext.c.obj
LOAD CMakeFiles/untitled1.elf.dir/lib/dietlibc/libcruft/dgettext.c.obj
LOAD CMakeFiles/untitled1.elf.dir/lib/dietlibc/libcruft/dl_iterate_phdr.c.obj
LOAD CMakeFiles/untitled1.elf.dir/lib/dietlibc/libcruft/dl_support.c.obj
LOAD CMakeFiles/untitled1.elf.dir/lib/dietlibc/libcruft/dn_expand.c.obj
LOAD CMakeFiles/untitled1.elf.dir/lib/dietlibc/libcruft/dn_skipname.c.obj
LOAD CMakeFiles/untitled1.elf.dir/lib/dietlibc/libcruft/dngettext.c.obj
LOAD CMakeFiles/untitled1.elf.dir/lib/dietlibc/libcruft/dnscruft.c.obj
LOAD CMakeFiles/untitled1.elf.dir/lib/dietlibc/libcruft/dnscruft2.c.obj
LOAD CMakeFiles/untitled1.elf.dir/lib/dietlibc/libcruft/dnscruft3.c.obj
LOAD CMakeFiles/untitled1.elf.dir/lib/dietlibc/libcruft/dnscruft4.c.obj
LOAD CMakeFiles/untitled1.elf.dir/lib/dietlibc/libcruft/fgetpwent.c.obj
LOAD CMakeFiles/untitled1.elf.dir/lib/dietlibc/libcruft/fgetpwent_r.c.obj
LOAD CMakeFiles/untitled1.elf.dir/lib/dietlibc/libcruft/getdtablesize.c.obj
LOAD CMakeFiles/untitled1.elf.dir/lib/dietlibc/libcruft/getgrent.c.obj
LOAD CMakeFiles/untitled1.elf.dir/lib/dietlibc/libcruft/getgrent_r.c.obj
LOAD CMakeFiles/untitled1.elf.dir/lib/dietlibc/libcruft/getgrgid.c.obj
LOAD CMakeFiles/untitled1.elf.dir/lib/dietlibc/libcruft/getgrgid_r.c.obj
LOAD CMakeFiles/untitled1.elf.dir/lib/dietlibc/libcruft/getgrnam.c.obj
LOAD CMakeFiles/untitled1.elf.dir/lib/dietlibc/libcruft/getgrnam_r.c.obj
LOAD CMakeFiles/untitled1.elf.dir/lib/dietlibc/libcruft/gethostbyaddr.c.obj
LOAD CMakeFiles/untitled1.elf.dir/lib/dietlibc/libcruft/gethostbyaddr2_r.c.obj
LOAD CMakeFiles/untitled1.elf.dir/lib/dietlibc/libcruft/gethostbyaddr_r.c.obj
LOAD CMakeFiles/untitled1.elf.dir/lib/dietlibc/libcruft/gethostbyname.c.obj
LOAD CMakeFiles/untitled1.elf.dir/lib/dietlibc/libcruft/gethostbyname2.c.obj
LOAD CMakeFiles/untitled1.elf.dir/lib/dietlibc/libcruft/gethostbyname2_r.c.obj
LOAD CMakeFiles/untitled1.elf.dir/lib/dietlibc/libcruft/gethostbyname_r.c.obj
LOAD CMakeFiles/untitled1.elf.dir/lib/dietlibc/libcruft/getlogin.c.obj
LOAD CMakeFiles/untitled1.elf.dir/lib/dietlibc/libcruft/getopt_data.c.obj
LOAD CMakeFiles/untitled1.elf.dir/lib/dietlibc/libcruft/getopt_long.c.obj
LOAD CMakeFiles/untitled1.elf.dir/lib/dietlibc/libcruft/getopt_long_only.c.obj
LOAD CMakeFiles/untitled1.elf.dir/lib/dietlibc/libcruft/getpagesize.c.obj
LOAD CMakeFiles/untitled1.elf.dir/lib/dietlibc/libcruft/getpass.c.obj
LOAD CMakeFiles/untitled1.elf.dir/lib/dietlibc/libcruft/getpwent.c.obj
LOAD CMakeFiles/untitled1.elf.dir/lib/dietlibc/libcruft/getpwent_r.c.obj
LOAD CMakeFiles/untitled1.elf.dir/lib/dietlibc/libcruft/getpwnam.c.obj
LOAD CMakeFiles/untitled1.elf.dir/lib/dietlibc/libcruft/getpwnam_r.c.obj
LOAD CMakeFiles/untitled1.elf.dir/lib/dietlibc/libcruft/getpwuid.c.obj
LOAD CMakeFiles/untitled1.elf.dir/lib/dietlibc/libcruft/getpwuid_r.c.obj
LOAD CMakeFiles/untitled1.elf.dir/lib/dietlibc/libcruft/getspent.c.obj
LOAD CMakeFiles/untitled1.elf.dir/lib/dietlibc/libcruft/getspent_r.c.obj
LOAD CMakeFiles/untitled1.elf.dir/lib/dietlibc/libcruft/getspnam.c.obj
LOAD CMakeFiles/untitled1.elf.dir/lib/dietlibc/libcruft/getspnam_r.c.obj
LOAD CMakeFiles/untitled1.elf.dir/lib/dietlibc/libcruft/gettext.c.obj
LOAD CMakeFiles/untitled1.elf.dir/lib/dietlibc/libcruft/getusershell.c.obj
LOAD CMakeFiles/untitled1.elf.dir/lib/dietlibc/libcruft/grbuf.c.obj
LOAD CMakeFiles/untitled1.elf.dir/lib/dietlibc/libcruft/h_errno.c.obj
LOAD CMakeFiles/untitled1.elf.dir/lib/dietlibc/libcruft/herrno_location.c.obj
LOAD CMakeFiles/untitled1.elf.dir/lib/dietlibc/libcruft/herror.c.obj
LOAD CMakeFiles/untitled1.elf.dir/lib/dietlibc/libcruft/hstrerror.c.obj
LOAD CMakeFiles/untitled1.elf.dir/lib/dietlibc/libcruft/inet_addr.c.obj
LOAD CMakeFiles/untitled1.elf.dir/lib/dietlibc/libcruft/inet_aton.c.obj
LOAD CMakeFiles/untitled1.elf.dir/lib/dietlibc/libcruft/inet_ntoa.c.obj
LOAD CMakeFiles/untitled1.elf.dir/lib/dietlibc/libcruft/inet_ntoa_r.c.obj
LOAD CMakeFiles/untitled1.elf.dir/lib/dietlibc/libcruft/inet_ntop.c.obj
LOAD CMakeFiles/untitled1.elf.dir/lib/dietlibc/libcruft/inet_pton.c.obj
LOAD CMakeFiles/untitled1.elf.dir/lib/dietlibc/libcruft/initgroups.c.obj
LOAD CMakeFiles/untitled1.elf.dir/lib/dietlibc/libcruft/killpg.c.obj
LOAD CMakeFiles/untitled1.elf.dir/lib/dietlibc/libcruft/localeconv.c.obj
LOAD CMakeFiles/untitled1.elf.dir/lib/dietlibc/libcruft/mkdtemp.c.obj
LOAD CMakeFiles/untitled1.elf.dir/lib/dietlibc/libcruft/mkstemp.c.obj
LOAD CMakeFiles/untitled1.elf.dir/lib/dietlibc/libcruft/mktemp.c.obj
LOAD CMakeFiles/untitled1.elf.dir/lib/dietlibc/libcruft/ngettext.c.obj
LOAD CMakeFiles/untitled1.elf.dir/lib/dietlibc/libcruft/nl_langinfo.c.obj
LOAD CMakeFiles/untitled1.elf.dir/lib/dietlibc/libcruft/pwbuf.c.obj
LOAD CMakeFiles/untitled1.elf.dir/lib/dietlibc/libcruft/res_close.c.obj
LOAD CMakeFiles/untitled1.elf.dir/lib/dietlibc/libcruft/res_init.c.obj
LOAD CMakeFiles/untitled1.elf.dir/lib/dietlibc/libcruft/res_mkquery.c.obj
LOAD CMakeFiles/untitled1.elf.dir/lib/dietlibc/libcruft/res_query.c.obj
LOAD CMakeFiles/untitled1.elf.dir/lib/dietlibc/libcruft/res_search.c.obj
LOAD CMakeFiles/untitled1.elf.dir/lib/dietlibc/libcruft/scan_ulong.c.obj
LOAD CMakeFiles/untitled1.elf.dir/lib/dietlibc/libcruft/scandir.c.obj
LOAD CMakeFiles/untitled1.elf.dir/lib/dietlibc/libcruft/scandir64.c.obj
LOAD CMakeFiles/untitled1.elf.dir/lib/dietlibc/libcruft/setegid.c.obj
LOAD CMakeFiles/untitled1.elf.dir/lib/dietlibc/libcruft/seteuid.c.obj
LOAD CMakeFiles/untitled1.elf.dir/lib/dietlibc/libcruft/setlocale.c.obj
LOAD CMakeFiles/untitled1.elf.dir/lib/dietlibc/libcruft/spbuf.c.obj
LOAD CMakeFiles/untitled1.elf.dir/lib/dietlibc/libcruft/strerror_r.c.obj
LOAD CMakeFiles/untitled1.elf.dir/lib/dietlibc/libcruft/sysconf.c.obj
LOAD CMakeFiles/untitled1.elf.dir/lib/dietlibc/libcruft/sysconf_cpus.c.obj
LOAD CMakeFiles/untitled1.elf.dir/lib/dietlibc/libcruft/tempnam.c.obj
LOAD CMakeFiles/untitled1.elf.dir/lib/dietlibc/libcruft/textdomain.c.obj
LOAD CMakeFiles/untitled1.elf.dir/lib/dietlibc/libcruft/tmpnam.c.obj
LOAD CMakeFiles/untitled1.elf.dir/lib/dietlibc/libcrypt/crypt.c.obj
LOAD CMakeFiles/untitled1.elf.dir/lib/dietlibc/libcrypt/md5.c.obj
LOAD CMakeFiles/untitled1.elf.dir/lib/dietlibc/libcrypt/md5crypt.c.obj
LOAD CMakeFiles/untitled1.elf.dir/lib/dietlibc/liblatin1/latin1-iscntrl.c.obj
LOAD CMakeFiles/untitled1.elf.dir/lib/dietlibc/liblatin1/latin1-isgraph.c.obj
LOAD CMakeFiles/untitled1.elf.dir/lib/dietlibc/liblatin1/latin1-islower.c.obj
LOAD CMakeFiles/untitled1.elf.dir/lib/dietlibc/liblatin1/latin1-isprint.c.obj
LOAD CMakeFiles/untitled1.elf.dir/lib/dietlibc/liblatin1/latin1-isupper.c.obj
LOAD CMakeFiles/untitled1.elf.dir/lib/dietlibc/libm/acosh.c.obj
LOAD CMakeFiles/untitled1.elf.dir/lib/dietlibc/libm/asinh.c.obj
LOAD CMakeFiles/untitled1.elf.dir/lib/dietlibc/libm/atanh.c.obj
LOAD CMakeFiles/untitled1.elf.dir/lib/dietlibc/libm/bessel.c.obj
LOAD CMakeFiles/untitled1.elf.dir/lib/dietlibc/libm/cosh.c.obj
LOAD CMakeFiles/untitled1.elf.dir/lib/dietlibc/libm/erf.c.obj
LOAD CMakeFiles/untitled1.elf.dir/lib/dietlibc/libm/gamma.c.obj
LOAD CMakeFiles/untitled1.elf.dir/lib/dietlibc/libm/ipow.c.obj
LOAD CMakeFiles/untitled1.elf.dir/lib/dietlibc/libm/modf.c.obj
LOAD CMakeFiles/untitled1.elf.dir/lib/dietlibc/libm/poly.c.obj
LOAD CMakeFiles/untitled1.elf.dir/lib/dietlibc/libm/pow.c.obj
LOAD CMakeFiles/untitled1.elf.dir/lib/dietlibc/libm/rint.c.obj
LOAD CMakeFiles/untitled1.elf.dir/lib/dietlibc/libm/sinh.c.obj
LOAD CMakeFiles/untitled1.elf.dir/lib/dietlibc/libm/tanh.c.obj
LOAD CMakeFiles/untitled1.elf.dir/lib/dietlibc/libregex/rx.c.obj
LOAD CMakeFiles/untitled1.elf.dir/lib/dietlibc/librpc/auth_none.c.obj
LOAD CMakeFiles/untitled1.elf.dir/lib/dietlibc/librpc/auth_unix.c.obj
LOAD CMakeFiles/untitled1.elf.dir/lib/dietlibc/librpc/authunix_prot.c.obj
LOAD CMakeFiles/untitled1.elf.dir/lib/dietlibc/librpc/bindresvport.c.obj
LOAD CMakeFiles/untitled1.elf.dir/lib/dietlibc/librpc/clnt_generic.c.obj
LOAD CMakeFiles/untitled1.elf.dir/lib/dietlibc/librpc/clnt_perror.c.obj
LOAD CMakeFiles/untitled1.elf.dir/lib/dietlibc/librpc/clnt_raw.c.obj
LOAD CMakeFiles/untitled1.elf.dir/lib/dietlibc/librpc/clnt_simple.c.obj
LOAD CMakeFiles/untitled1.elf.dir/lib/dietlibc/librpc/clnt_tcp.c.obj
LOAD CMakeFiles/untitled1.elf.dir/lib/dietlibc/librpc/clnt_udp.c.obj
LOAD CMakeFiles/untitled1.elf.dir/lib/dietlibc/librpc/get_myaddress.c.obj
LOAD CMakeFiles/untitled1.elf.dir/lib/dietlibc/librpc/getrpcent.c.obj
LOAD CMakeFiles/untitled1.elf.dir/lib/dietlibc/librpc/getrpcport.c.obj
LOAD CMakeFiles/untitled1.elf.dir/lib/dietlibc/librpc/pmap_clnt.c.obj
LOAD CMakeFiles/untitled1.elf.dir/lib/dietlibc/librpc/pmap_getmaps.c.obj
LOAD CMakeFiles/untitled1.elf.dir/lib/dietlibc/librpc/pmap_getport.c.obj
LOAD CMakeFiles/untitled1.elf.dir/lib/dietlibc/librpc/pmap_prot.c.obj
LOAD CMakeFiles/untitled1.elf.dir/lib/dietlibc/librpc/pmap_prot2.c.obj
LOAD CMakeFiles/untitled1.elf.dir/lib/dietlibc/librpc/pmap_rmt.c.obj
LOAD CMakeFiles/untitled1.elf.dir/lib/dietlibc/librpc/rpc_callmsg.c.obj
LOAD CMakeFiles/untitled1.elf.dir/lib/dietlibc/librpc/rpc_commondata.c.obj
LOAD CMakeFiles/untitled1.elf.dir/lib/dietlibc/librpc/rpc_dtablesize.c.obj
LOAD CMakeFiles/untitled1.elf.dir/lib/dietlibc/librpc/rpc_prot.c.obj
LOAD CMakeFiles/untitled1.elf.dir/lib/dietlibc/librpc/svc.c.obj
LOAD CMakeFiles/untitled1.elf.dir/lib/dietlibc/librpc/svc_auth.c.obj
LOAD CMakeFiles/untitled1.elf.dir/lib/dietlibc/librpc/svc_auth_unix.c.obj
LOAD CMakeFiles/untitled1.elf.dir/lib/dietlibc/librpc/svc_raw.c.obj
LOAD CMakeFiles/untitled1.elf.dir/lib/dietlibc/librpc/svc_run.c.obj
LOAD CMakeFiles/untitled1.elf.dir/lib/dietlibc/librpc/svc_simple.c.obj
LOAD CMakeFiles/untitled1.elf.dir/lib/dietlibc/librpc/svc_tcp.c.obj
LOAD CMakeFiles/untitled1.elf.dir/lib/dietlibc/librpc/svc_udp.c.obj
LOAD CMakeFiles/untitled1.elf.dir/lib/dietlibc/librpc/xdr.c.obj
LOAD CMakeFiles/untitled1.elf.dir/lib/dietlibc/librpc/xdr_array.c.obj
LOAD CMakeFiles/untitled1.elf.dir/lib/dietlibc/librpc/xdr_float.c.obj
LOAD CMakeFiles/untitled1.elf.dir/lib/dietlibc/librpc/xdr_mem.c.obj
LOAD CMakeFiles/untitled1.elf.dir/lib/dietlibc/librpc/xdr_rec.c.obj
LOAD CMakeFiles/untitled1.elf.dir/lib/dietlibc/librpc/xdr_reference.c.obj
LOAD CMakeFiles/untitled1.elf.dir/lib/dietlibc/librpc/xdr_stdio.c.obj
LOAD CMakeFiles/untitled1.elf.dir/lib/dietlibc/libshell/basename.c.obj
LOAD CMakeFiles/untitled1.elf.dir/lib/dietlibc/libshell/dirname.c.obj
LOAD CMakeFiles/untitled1.elf.dir/lib/dietlibc/libshell/fnmatch.c.obj
LOAD CMakeFiles/untitled1.elf.dir/lib/dietlibc/libshell/glob.c.obj
LOAD CMakeFiles/untitled1.elf.dir/lib/dietlibc/libshell/realpath.c.obj
LOAD CMakeFiles/untitled1.elf.dir/lib/dietlibc/libstdio/clearerr.c.obj
LOAD CMakeFiles/untitled1.elf.dir/lib/dietlibc/libstdio/fclose.c.obj
LOAD CMakeFiles/untitled1.elf.dir/lib/dietlibc/libstdio/fdglue.c.obj
LOAD CMakeFiles/untitled1.elf.dir/lib/dietlibc/libstdio/fdglue2.c.obj
LOAD CMakeFiles/untitled1.elf.dir/lib/dietlibc/libstdio/fdopen.c.obj
LOAD CMakeFiles/untitled1.elf.dir/lib/dietlibc/libstdio/fdprintf.c.obj
LOAD CMakeFiles/untitled1.elf.dir/lib/dietlibc/libstdio/feof.c.obj
LOAD CMakeFiles/untitled1.elf.dir/lib/dietlibc/libstdio/ferror.c.obj
LOAD CMakeFiles/untitled1.elf.dir/lib/dietlibc/libstdio/fflush.c.obj
LOAD CMakeFiles/untitled1.elf.dir/lib/dietlibc/libstdio/fgetc_unlocked.c.obj
LOAD CMakeFiles/untitled1.elf.dir/lib/dietlibc/libstdio/fgetpos.c.obj
LOAD CMakeFiles/untitled1.elf.dir/lib/dietlibc/libstdio/fgets.c.obj
LOAD CMakeFiles/untitled1.elf.dir/lib/dietlibc/libstdio/fileno.c.obj
LOAD CMakeFiles/untitled1.elf.dir/lib/dietlibc/libstdio/fopen.c.obj
LOAD CMakeFiles/untitled1.elf.dir/lib/dietlibc/libstdio/fprintf.c.obj
LOAD CMakeFiles/untitled1.elf.dir/lib/dietlibc/libstdio/fputc_unlocked.c.obj
LOAD CMakeFiles/untitled1.elf.dir/lib/dietlibc/libstdio/fputs.c.obj
LOAD CMakeFiles/untitled1.elf.dir/lib/dietlibc/libstdio/fread.c.obj
LOAD CMakeFiles/untitled1.elf.dir/lib/dietlibc/libstdio/freopen.c.obj
LOAD CMakeFiles/untitled1.elf.dir/lib/dietlibc/libstdio/fscanf.c.obj
LOAD CMakeFiles/untitled1.elf.dir/lib/dietlibc/libstdio/fseek.c.obj
LOAD CMakeFiles/untitled1.elf.dir/lib/dietlibc/libstdio/fseeko.c.obj
LOAD CMakeFiles/untitled1.elf.dir/lib/dietlibc/libstdio/fseeko64.c.obj
LOAD CMakeFiles/untitled1.elf.dir/lib/dietlibc/libstdio/fsetpos.c.obj
LOAD CMakeFiles/untitled1.elf.dir/lib/dietlibc/libstdio/ftell.c.obj
LOAD CMakeFiles/untitled1.elf.dir/lib/dietlibc/libstdio/ftello.c.obj
LOAD CMakeFiles/untitled1.elf.dir/lib/dietlibc/libstdio/ftello64.c.obj
LOAD CMakeFiles/untitled1.elf.dir/lib/dietlibc/libstdio/fwrite.c.obj
LOAD CMakeFiles/untitled1.elf.dir/lib/dietlibc/libstdio/printf.c.obj
LOAD CMakeFiles/untitled1.elf.dir/lib/dietlibc/libstdio/putchar.c.obj
LOAD CMakeFiles/untitled1.elf.dir/lib/dietlibc/libstdio/puts.c.obj
LOAD CMakeFiles/untitled1.elf.dir/lib/dietlibc/libstdio/scanf.c.obj
LOAD CMakeFiles/untitled1.elf.dir/lib/dietlibc/libstdio/setvbuf.c.obj
LOAD CMakeFiles/untitled1.elf.dir/lib/dietlibc/libstdio/stderr.c.obj
LOAD CMakeFiles/untitled1.elf.dir/lib/dietlibc/libstdio/stdin.c.obj
LOAD CMakeFiles/untitled1.elf.dir/lib/dietlibc/libstdio/stdout.c.obj
LOAD CMakeFiles/untitled1.elf.dir/lib/dietlibc/libstdio/tmpfile.c.obj
LOAD CMakeFiles/untitled1.elf.dir/lib/dietlibc/libstdio/ungetc.c.obj
LOAD CMakeFiles/untitled1.elf.dir/lib/dietlibc/libstdio/vfdprintf.c.obj
LOAD CMakeFiles/untitled1.elf.dir/lib/dietlibc/libstdio/vfprintf.c.obj
LOAD CMakeFiles/untitled1.elf.dir/lib/dietlibc/libstdio/vfscanf.c.obj
LOAD CMakeFiles/untitled1.elf.dir/lib/dietlibc/libstdio/vprintf.c.obj
LOAD CMakeFiles/untitled1.elf.dir/lib/dietlibc/libstdio/vscanf.c.obj
LOAD CMakeFiles/untitled1.elf.dir/lib/dietlibc/libugly/addmntent.c.obj
LOAD CMakeFiles/untitled1.elf.dir/lib/dietlibc/libugly/asctime.c.obj
LOAD CMakeFiles/untitled1.elf.dir/lib/dietlibc/libugly/asctime_r.c.obj
LOAD CMakeFiles/untitled1.elf.dir/lib/dietlibc/libugly/asprintf.c.obj
LOAD CMakeFiles/untitled1.elf.dir/lib/dietlibc/libugly/ctime.c.obj
LOAD CMakeFiles/untitled1.elf.dir/lib/dietlibc/libugly/ctime_r.c.obj
LOAD CMakeFiles/untitled1.elf.dir/lib/dietlibc/libugly/difftime.c.obj
LOAD CMakeFiles/untitled1.elf.dir/lib/dietlibc/libugly/dirfd.c.obj
LOAD CMakeFiles/untitled1.elf.dir/lib/dietlibc/libugly/endmntent.c.obj
LOAD CMakeFiles/untitled1.elf.dir/lib/dietlibc/libugly/facilitynames.c.obj
LOAD CMakeFiles/untitled1.elf.dir/lib/dietlibc/libugly/freeaddrinfo.c.obj
LOAD CMakeFiles/untitled1.elf.dir/lib/dietlibc/libugly/ftime.c.obj
LOAD CMakeFiles/untitled1.elf.dir/lib/dietlibc/libugly/gai_strerror.c.obj
LOAD CMakeFiles/untitled1.elf.dir/lib/dietlibc/libugly/getaddrinfo.c.obj
LOAD CMakeFiles/untitled1.elf.dir/lib/dietlibc/libugly/gethostent.c.obj
LOAD CMakeFiles/untitled1.elf.dir/lib/dietlibc/libugly/gethostent_nor.c.obj
LOAD CMakeFiles/untitled1.elf.dir/lib/dietlibc/libugly/getmntent.c.obj
LOAD CMakeFiles/untitled1.elf.dir/lib/dietlibc/libugly/getnameinfo.c.obj
LOAD CMakeFiles/untitled1.elf.dir/lib/dietlibc/libugly/getprotobyname.c.obj
LOAD CMakeFiles/untitled1.elf.dir/lib/dietlibc/libugly/getprotobyname_r.c.obj
LOAD CMakeFiles/untitled1.elf.dir/lib/dietlibc/libugly/getprotobynumber.c.obj
LOAD CMakeFiles/untitled1.elf.dir/lib/dietlibc/libugly/getprotobynumber_r.c.obj
LOAD CMakeFiles/untitled1.elf.dir/lib/dietlibc/libugly/getprotoent.c.obj
LOAD CMakeFiles/untitled1.elf.dir/lib/dietlibc/libugly/getprotoent_r.c.obj
LOAD CMakeFiles/untitled1.elf.dir/lib/dietlibc/libugly/getservbyname.c.obj
LOAD CMakeFiles/untitled1.elf.dir/lib/dietlibc/libugly/getservbyname_r.c.obj
LOAD CMakeFiles/untitled1.elf.dir/lib/dietlibc/libugly/getservbyport.c.obj
LOAD CMakeFiles/untitled1.elf.dir/lib/dietlibc/libugly/getservbyport_r.c.obj
LOAD CMakeFiles/untitled1.elf.dir/lib/dietlibc/libugly/getservent.c.obj
LOAD CMakeFiles/untitled1.elf.dir/lib/dietlibc/libugly/getservent_r.c.obj
LOAD CMakeFiles/untitled1.elf.dir/lib/dietlibc/libugly/gmtime.c.obj
LOAD CMakeFiles/untitled1.elf.dir/lib/dietlibc/libugly/gmtime_r.c.obj
LOAD CMakeFiles/untitled1.elf.dir/lib/dietlibc/libugly/grantpt.c.obj
LOAD CMakeFiles/untitled1.elf.dir/lib/dietlibc/libugly/hasmntopt.c.obj
LOAD CMakeFiles/untitled1.elf.dir/lib/dietlibc/libugly/iconv.c.obj
LOAD CMakeFiles/untitled1.elf.dir/lib/dietlibc/libugly/iconv_close.c.obj
LOAD CMakeFiles/untitled1.elf.dir/lib/dietlibc/libugly/iconv_open.c.obj
LOAD CMakeFiles/untitled1.elf.dir/lib/dietlibc/libugly/isleap.c.obj
LOAD CMakeFiles/untitled1.elf.dir/lib/dietlibc/libugly/localtime.c.obj
LOAD CMakeFiles/untitled1.elf.dir/lib/dietlibc/libugly/localtime_r.c.obj
LOAD CMakeFiles/untitled1.elf.dir/lib/dietlibc/libugly/logging.c.obj
LOAD CMakeFiles/untitled1.elf.dir/lib/dietlibc/libugly/mktime.c.obj
LOAD CMakeFiles/untitled1.elf.dir/lib/dietlibc/libugly/netent.c.obj
LOAD CMakeFiles/untitled1.elf.dir/lib/dietlibc/libugly/openpty.c.obj
LOAD CMakeFiles/untitled1.elf.dir/lib/dietlibc/libugly/pclose.c.obj
LOAD CMakeFiles/untitled1.elf.dir/lib/dietlibc/libugly/popen.c.obj
LOAD CMakeFiles/untitled1.elf.dir/lib/dietlibc/libugly/prioritynames.c.obj
LOAD CMakeFiles/untitled1.elf.dir/lib/dietlibc/libugly/protoent_buf.c.obj
LOAD CMakeFiles/untitled1.elf.dir/lib/dietlibc/libugly/ptsname.c.obj
LOAD CMakeFiles/untitled1.elf.dir/lib/dietlibc/libugly/putpwent.c.obj
LOAD CMakeFiles/untitled1.elf.dir/lib/dietlibc/libugly/servent_buf.c.obj
LOAD CMakeFiles/untitled1.elf.dir/lib/dietlibc/libugly/setenv.c.obj
LOAD CMakeFiles/untitled1.elf.dir/lib/dietlibc/libugly/setmntent.c.obj
LOAD CMakeFiles/untitled1.elf.dir/lib/dietlibc/libugly/strftime.c.obj
LOAD CMakeFiles/untitled1.elf.dir/lib/dietlibc/libugly/strndup.c.obj
LOAD CMakeFiles/untitled1.elf.dir/lib/dietlibc/libugly/strptime.c.obj
LOAD CMakeFiles/untitled1.elf.dir/lib/dietlibc/libugly/strsignal.c.obj
LOAD CMakeFiles/untitled1.elf.dir/lib/dietlibc/libugly/system.c.obj
LOAD CMakeFiles/untitled1.elf.dir/lib/dietlibc/libugly/time_table_spd.c.obj
LOAD CMakeFiles/untitled1.elf.dir/lib/dietlibc/libugly/timegm.c.obj
LOAD CMakeFiles/untitled1.elf.dir/lib/dietlibc/libugly/timezone.c.obj
LOAD CMakeFiles/untitled1.elf.dir/lib/dietlibc/libugly/tzfile.c.obj
LOAD CMakeFiles/untitled1.elf.dir/lib/dietlibc/libugly/unlockpt.c.obj
LOAD CMakeFiles/untitled1.elf.dir/lib/dietlibc/libugly/unsetenv.c.obj
LOAD CMakeFiles/untitled1.elf.dir/lib/dietlibc/libugly/utent.c.obj
LOAD CMakeFiles/untitled1.elf.dir/lib/dietlibc/libugly/vasprintf.c.obj
LOAD CMakeFiles/untitled1.elf.dir/lib/dietlibc/libugly/wtent.c.obj
LOAD CMakeFiles/untitled1.elf.dir/lib/dietlibc/softfpu/adddf3.c.obj
LOAD CMakeFiles/untitled1.elf.dir/lib/dietlibc/softfpu/addsf3.c.obj
LOAD CMakeFiles/untitled1.elf.dir/lib/dietlibc/softfpu/divdf3.c.obj
LOAD CMakeFiles/untitled1.elf.dir/lib/dietlibc/softfpu/divsf3.c.obj
LOAD CMakeFiles/untitled1.elf.dir/lib/dietlibc/softfpu/eqdf2.c.obj
LOAD CMakeFiles/untitled1.elf.dir/lib/dietlibc/softfpu/eqsf2.c.obj
LOAD CMakeFiles/untitled1.elf.dir/lib/dietlibc/softfpu/extendsfdf2.c.obj
LOAD CMakeFiles/untitled1.elf.dir/lib/dietlibc/softfpu/fixdfdi.c.obj
LOAD CMakeFiles/untitled1.elf.dir/lib/dietlibc/softfpu/fixdfsi.c.obj
LOAD CMakeFiles/untitled1.elf.dir/lib/dietlibc/softfpu/fixsfdi.c.obj
LOAD CMakeFiles/untitled1.elf.dir/lib/dietlibc/softfpu/fixsfsi.c.obj
LOAD CMakeFiles/untitled1.elf.dir/lib/dietlibc/softfpu/fixunsdfdi.c.obj
LOAD CMakeFiles/untitled1.elf.dir/lib/dietlibc/softfpu/fixunsdfsi.c.obj
LOAD CMakeFiles/untitled1.elf.dir/lib/dietlibc/softfpu/fixunssfdi.c.obj
LOAD CMakeFiles/untitled1.elf.dir/lib/dietlibc/softfpu/fixunssfsi.c.obj
LOAD CMakeFiles/untitled1.elf.dir/lib/dietlibc/softfpu/floatdidf.c.obj
LOAD CMakeFiles/untitled1.elf.dir/lib/dietlibc/softfpu/floatdisf.c.obj
LOAD CMakeFiles/untitled1.elf.dir/lib/dietlibc/softfpu/floatsidf.c.obj
LOAD CMakeFiles/untitled1.elf.dir/lib/dietlibc/softfpu/floatsisf.c.obj
LOAD CMakeFiles/untitled1.elf.dir/lib/dietlibc/softfpu/floatundidf.c.obj
LOAD CMakeFiles/untitled1.elf.dir/lib/dietlibc/softfpu/floatundisf.c.obj
LOAD CMakeFiles/untitled1.elf.dir/lib/dietlibc/softfpu/floatunsidf.c.obj
LOAD CMakeFiles/untitled1.elf.dir/lib/dietlibc/softfpu/floatunsisf.c.obj
LOAD CMakeFiles/untitled1.elf.dir/lib/dietlibc/softfpu/gedf2.c.obj
LOAD CMakeFiles/untitled1.elf.dir/lib/dietlibc/softfpu/gesf2.c.obj
LOAD CMakeFiles/untitled1.elf.dir/lib/dietlibc/softfpu/ledf2.c.obj
LOAD CMakeFiles/untitled1.elf.dir/lib/dietlibc/softfpu/lesf2.c.obj
LOAD CMakeFiles/untitled1.elf.dir/lib/dietlibc/softfpu/muldf3.c.obj
LOAD CMakeFiles/untitled1.elf.dir/lib/dietlibc/softfpu/mulsf3.c.obj
LOAD CMakeFiles/untitled1.elf.dir/lib/dietlibc/softfpu/negdf2.c.obj
LOAD CMakeFiles/untitled1.elf.dir/lib/dietlibc/softfpu/negsf2.c.obj
LOAD CMakeFiles/untitled1.elf.dir/lib/dietlibc/softfpu/sqrtdf2.c.obj
LOAD CMakeFiles/untitled1.elf.dir/lib/dietlibc/softfpu/sqrtsf2.c.obj
LOAD CMakeFiles/untitled1.elf.dir/lib/dietlibc/softfpu/subdf3.c.obj
LOAD CMakeFiles/untitled1.elf.dir/lib/dietlibc/softfpu/subsf3.c.obj
LOAD CMakeFiles/untitled1.elf.dir/lib/dietlibc/softfpu/truncdfsf2.c.obj
LOAD CMakeFiles/untitled1.elf.dir/lib/dietlibc/softfpu/unorddf2.c.obj
LOAD CMakeFiles/untitled1.elf.dir/lib/dietlibc/softfpu/unordsf2.c.obj
LOAD CMakeFiles/untitled1.elf.dir/lib/xprintf.c.obj
LOAD CMakeFiles/untitled1.elf.dir/main/cat.c.obj
LOAD CMakeFiles/untitled1.elf.dir/main/clear.c.obj
LOAD CMakeFiles/untitled1.elf.dir/main/dietlibc.c.obj
LOAD CMakeFiles/untitled1.elf.dir/main/fs_init.c.obj
LOAD CMakeFiles/untitled1.elf.dir/main/login.c.obj
LOAD CMakeFiles/untitled1.elf.dir/main/ls.c.obj
LOAD CMakeFiles/untitled1.elf.dir/main/ls_.c.obj
LOAD CMakeFiles/untitled1.elf.dir/main/main.c.obj
LOAD CMakeFiles/untitled1.elf.dir/main/mkdir.c.obj
LOAD CMakeFiles/untitled1.elf.dir/main/start_info.c.obj
LOAD CMakeFiles/untitled1.elf.dir/main/task_main.c.obj
LOAD CMakeFiles/untitled1.elf.dir/main/uname.c.obj
LOAD CMakeFiles/untitled1.elf.dir/main/zshell.c.obj
LOAD CMakeFiles/untitled1.elf.dir/mem/mem.c.obj
LOAD CMakeFiles/untitled1.elf.dir/net/lwip-2.1.2/arch/sys_arch.c.obj
LOAD CMakeFiles/untitled1.elf.dir/net/lwip-2.1.2/src/api/api_lib.c.obj
LOAD CMakeFiles/untitled1.elf.dir/net/lwip-2.1.2/src/api/api_msg.c.obj
LOAD CMakeFiles/untitled1.elf.dir/net/lwip-2.1.2/src/api/err.c.obj
LOAD CMakeFiles/untitled1.elf.dir/net/lwip-2.1.2/src/api/if_api.c.obj
LOAD CMakeFiles/untitled1.elf.dir/net/lwip-2.1.2/src/api/netbuf.c.obj
LOAD CMakeFiles/untitled1.elf.dir/net/lwip-2.1.2/src/api/netdb.c.obj
LOAD CMakeFiles/untitled1.elf.dir/net/lwip-2.1.2/src/api/netifapi.c.obj
LOAD CMakeFiles/untitled1.elf.dir/net/lwip-2.1.2/src/api/sockets.c.obj
LOAD CMakeFiles/untitled1.elf.dir/net/lwip-2.1.2/src/api/tcpip.c.obj
LOAD CMakeFiles/untitled1.elf.dir/net/lwip-2.1.2/src/apps/lwiperf/lwiperf.c.obj
LOAD CMakeFiles/untitled1.elf.dir/net/lwip-2.1.2/src/core/altcp.c.obj
LOAD CMakeFiles/untitled1.elf.dir/net/lwip-2.1.2/src/core/altcp_alloc.c.obj
LOAD CMakeFiles/untitled1.elf.dir/net/lwip-2.1.2/src/core/altcp_tcp.c.obj
LOAD CMakeFiles/untitled1.elf.dir/net/lwip-2.1.2/src/core/def.c.obj
LOAD CMakeFiles/untitled1.elf.dir/net/lwip-2.1.2/src/core/dns.c.obj
LOAD CMakeFiles/untitled1.elf.dir/net/lwip-2.1.2/src/core/inet_chksum.c.obj
LOAD CMakeFiles/untitled1.elf.dir/net/lwip-2.1.2/src/core/init.c.obj
LOAD CMakeFiles/untitled1.elf.dir/net/lwip-2.1.2/src/core/ip.c.obj
LOAD CMakeFiles/untitled1.elf.dir/net/lwip-2.1.2/src/core/ipv4/autoip.c.obj
LOAD CMakeFiles/untitled1.elf.dir/net/lwip-2.1.2/src/core/ipv4/dhcp.c.obj
LOAD CMakeFiles/untitled1.elf.dir/net/lwip-2.1.2/src/core/ipv4/etharp.c.obj
LOAD CMakeFiles/untitled1.elf.dir/net/lwip-2.1.2/src/core/ipv4/icmp.c.obj
LOAD CMakeFiles/untitled1.elf.dir/net/lwip-2.1.2/src/core/ipv4/igmp.c.obj
LOAD CMakeFiles/untitled1.elf.dir/net/lwip-2.1.2/src/core/ipv4/ip4.c.obj
LOAD CMakeFiles/untitled1.elf.dir/net/lwip-2.1.2/src/core/ipv4/ip4_addr.c.obj
LOAD CMakeFiles/untitled1.elf.dir/net/lwip-2.1.2/src/core/ipv4/ip4_frag.c.obj
LOAD CMakeFiles/untitled1.elf.dir/net/lwip-2.1.2/src/core/ipv6/dhcp6.c.obj
LOAD CMakeFiles/untitled1.elf.dir/net/lwip-2.1.2/src/core/ipv6/ethip6.c.obj
LOAD CMakeFiles/untitled1.elf.dir/net/lwip-2.1.2/src/core/ipv6/icmp6.c.obj
LOAD CMakeFiles/untitled1.elf.dir/net/lwip-2.1.2/src/core/ipv6/inet6.c.obj
LOAD CMakeFiles/untitled1.elf.dir/net/lwip-2.1.2/src/core/ipv6/ip6.c.obj
LOAD CMakeFiles/untitled1.elf.dir/net/lwip-2.1.2/src/core/ipv6/ip6_addr.c.obj
LOAD CMakeFiles/untitled1.elf.dir/net/lwip-2.1.2/src/core/ipv6/ip6_frag.c.obj
LOAD CMakeFiles/untitled1.elf.dir/net/lwip-2.1.2/src/core/ipv6/mld6.c.obj
LOAD CMakeFiles/untitled1.elf.dir/net/lwip-2.1.2/src/core/ipv6/nd6.c.obj
LOAD CMakeFiles/untitled1.elf.dir/net/lwip-2.1.2/src/core/mem.c.obj
LOAD CMakeFiles/untitled1.elf.dir/net/lwip-2.1.2/src/core/memp.c.obj
LOAD CMakeFiles/untitled1.elf.dir/net/lwip-2.1.2/src/core/netif.c.obj
LOAD CMakeFiles/untitled1.elf.dir/net/lwip-2.1.2/src/core/pbuf.c.obj
LOAD CMakeFiles/untitled1.elf.dir/net/lwip-2.1.2/src/core/raw.c.obj
LOAD CMakeFiles/untitled1.elf.dir/net/lwip-2.1.2/src/core/stats.c.obj
LOAD CMakeFiles/untitled1.elf.dir/net/lwip-2.1.2/src/core/sys.c.obj
LOAD CMakeFiles/untitled1.elf.dir/net/lwip-2.1.2/src/core/tcp.c.obj
LOAD CMakeFiles/untitled1.elf.dir/net/lwip-2.1.2/src/core/tcp_in.c.obj
LOAD CMakeFiles/untitled1.elf.dir/net/lwip-2.1.2/src/core/tcp_out.c.obj
LOAD CMakeFiles/untitled1.elf.dir/net/lwip-2.1.2/src/core/timeouts.c.obj
LOAD CMakeFiles/untitled1.elf.dir/net/lwip-2.1.2/src/core/udp.c.obj
LOAD CMakeFiles/untitled1.elf.dir/net/lwip-2.1.2/src/netif/ethernet.c.obj
LOAD CMakeFiles/untitled1.elf.dir/net/lwip-2.1.2/src/netif/ethernetif.c.obj
LOAD CMakeFiles/untitled1.elf.dir/net/lwiperf_interface.c.obj
LOAD CMakeFiles/untitled1.elf.dir/net/net.c.obj
LOAD CMakeFiles/untitled1.elf.dir/net/tftp_interface.c.obj
                0x20010000                _estack = 0x20010000
                0x00000000                _Min_Heap_Size = 0x0
                0x00000700                _Min_Stack_Size = 0x700

.isr_vector     0x08000000      0x1e4
                0x08000000                . = ALIGN (0x4)
 *(.isr_vector)
 .isr_vector    0x08000000      0x1e4 CMakeFiles/untitled1.elf.dir/arch/cpu/startup_stm32f103xe.S.obj
                0x08000000                g_pfnVectors
                0x080001e4                . = ALIGN (0x4)

.text           0x080001e4    0x1c98c
                0x080001e4                . = ALIGN (0x4)
 *(.text)
 .text          0x080001e4      0xc2c CMakeFiles/untitled1.elf.dir/lib/dietlibc/arm/dyn_syscalls.S.obj
                0x08000204                funlockfile
                0x08000204                flockfile
                0x08000204                __thread_doexit
                0x08000204                __you_tried_to_link_a_dietlibc_object_against_glibc
                0x08000204                __nop
                0x08000204                ftrylockfile
                0x08000206                mmap
                0x0800021c                __libc_waitpid
                0x0800021c                waitpid
                0x08000224                __libc_pread64
                0x08000224                pread64
                0x08000230                __libc_pwrite64
                0x08000230                pwrite64
                0x0800023c                __reboot
                0x08000248                access
                0x08000254                adjtimex
                0x08000260                __diet_brk
                0x0800026c                chdir
                0x08000278                chmod
                0x08000284                chown
                0x08000290                chroot
                0x0800029c                __libc_close
                0x0800029c                close
                0x080002a8                dup
                0x080002b4                dup2
                0x080002c0                execve
                0x080002cc                fchdir
                0x080002d8                fchmod
                0x080002e4                fchown
                0x080002f0                __libc_fcntl
                0x080002f0                fcntl
                0x080002fc                flock
                0x08000308                fork
                0x08000308                __libc_fork
                0x08000314                fstat
                0x08000320                __dietlibc_fstat64
                0x0800032c                fstatfs
                0x08000338                __libc_fsync
                0x08000338                fsync
                0x08000344                ftruncate
                0x08000350                __syscall_getcwd
                0x0800035c                getdents
                0x08000368                getdents64
                0x08000374                getegid
                0x08000380                geteuid
                0x0800038c                getgid
                0x08000398                getgroups
                0x080003a4                getitimer
                0x080003b0                getpgid
                0x080003bc                getpid
                0x080003c8                getppid
                0x080003d4                getpriority
                0x080003e0                getresgid
                0x080003ec                getresuid
                0x080003f8                getrlimit
                0x08000404                getrusage
                0x08000410                getsid
                0x0800041c                gettimeofday
                0x08000428                settimeofday
                0x08000434                getuid
                0x08000440                ioctl
                0x0800044c                __ipc
                0x08000462                kill
                0x0800046e                lchown
                0x0800047a                link
                0x08000486                llseek
                0x08000486                _llseek
                0x0800049c                __libc_lseek
                0x0800049c                lseek
                0x080004a8                lstat
                0x080004b4                __dietlibc_lstat64
                0x080004c0                mkdir
                0x080004cc                mknod
                0x080004d8                mlock
                0x080004e4                mlockall
                0x080004f0                __mmap2
                0x08000506                mount
                0x0800051c                mprotect
                0x08000528                mremap
                0x08000534                munlockall
                0x08000540                munmap
                0x0800054c                __n_sigaction
                0x0800054c                __old_sigaction
                0x08000558                __n_sigpending
                0x08000558                __old_sigpending
                0x08000564                __n_sigprocmask
                0x08000564                __old_sigprocmask
                0x08000570                __old_sigsuspend
                0x08000570                __n_sigsuspend
                0x0800057c                __libc_nanosleep
                0x0800057c                nanosleep
                0x08000588                nice
                0x08000594                open
                0x08000594                __libc_open
                0x080005a0                __libc_pause
                0x080005a0                pause
                0x080005ac                personality
                0x080005b8                pipe
                0x080005c4                poll
                0x080005d0                query_module
                0x080005e6                init_module
                0x080005f2                delete_module
                0x080005fe                create_module
                0x0800060a                read
                0x0800060a                __libc_read
                0x08000616                readlink
                0x08000622                readv
                0x0800062e                rename
                0x0800063a                rmdir
                0x08000646                __rt_sigaction
                0x08000652                __rt_sigpending
                0x0800065e                __rt_sigprocmask
                0x0800066a                __rt_sigqueueinfo
                0x08000676                __rt_sigsuspend
                0x08000682                __rt_sigtimedwait
                0x0800068e                sched_get_priority_max
                0x0800069a                sched_get_priority_min
                0x080006a6                sched_getparam
                0x080006b2                sched_getscheduler
                0x080006be                sched_rr_get_interval
                0x080006ca                sched_setparam
                0x080006d6                sched_setscheduler
                0x080006e2                sched_yield
                0x080006ee                select
                0x080006fa                __libc_sendfile
                0x080006fa                sendfile
                0x08000706                __dietlibc_sendfile64
                0x08000712                setdomainname
                0x0800071e                setfsgid
                0x0800072a                setfsuid
                0x08000736                setgid
                0x08000742                setgroups
                0x0800074e                sethostname
                0x0800075a                setitimer
                0x08000766                setpgid
                0x08000772                setpriority
                0x0800077e                setregid
                0x0800078a                setresgid
                0x08000796                setresuid
                0x080007a2                setreuid
                0x080007ae                setrlimit
                0x080007ba                setsid
                0x080007c6                setuid
                0x080007d2                __sigaltstack
                0x080007d2                sigaltstack
                0x080007de                setup
                0x080007ea                socketcall
                0x080007f6                stat
                0x08000802                __dietlibc_stat64
                0x0800080e                statfs
                0x0800081a                stime
                0x08000826                swapoff
                0x08000832                swapon
                0x0800083e                symlink
                0x0800084a                sync
                0x08000856                _sysctl
                0x08000862                sysinfo
                0x0800086e                __syscall_syslog
                0x0800086e                klogctl
                0x0800087a                sysfs
                0x08000886                time
                0x08000892                times
                0x0800089e                truncate
                0x080008aa                umask
                0x080008b6                umount
                0x080008c2                umount2
                0x080008ce                uname
                0x080008da                unlink
                0x080008e6                utime
                0x080008f2                vhangup
                0x080008fe                wait4
                0x0800090a                __libc_write
                0x0800090a                write
                0x08000916                writev
                0x08000922                msync
                0x08000922                __libc_msync
                0x0800092e                capget
                0x0800093a                capset
                0x08000946                __libc_chown32
                0x08000946                chown32
                0x08000952                __libc_fchown32
                0x08000952                fchown32
                0x0800095e                __libc_getegid32
                0x0800095e                getegid32
                0x0800096a                __libc_geteuid32
                0x0800096a                geteuid32
                0x08000976                __libc_getgid32
                0x08000976                getgid32
                0x08000982                getgroups32
                0x08000982                __libc_getgroups32
                0x0800098e                __libc_getresgid32
                0x0800098e                getresgid32
                0x0800099a                __libc_getuid32
                0x0800099a                getuid32
                0x080009a6                lchown32
                0x080009a6                __libc_lchown32
                0x080009b2                __libc_setfsgid32
                0x080009b2                setfsgid32
                0x080009be                __libc_setfsuid32
                0x080009be                setfsuid32
                0x080009ca                __libc_setgid32
                0x080009ca                setgid32
                0x080009d6                setregid32
                0x080009d6                __libc_setregid32
                0x080009e2                __libc_setresgid32
                0x080009e2                setresgid32
                0x080009f0                __libc_setreuid32
                0x080009f0                setreuid32
                0x080009fe                __libc_setuid32
                0x080009fe                setuid32
                0x08000a0c                alarm
                0x08000a1a                __diet_ptrace
                0x08000a28                __dietlibc_ftruncate64
                0x08000a36                __dietlibc_truncate64
                0x08000a44                ustat
                0x08000a52                epoll_create
                0x08000a60                epoll_ctl
                0x08000a6e                epoll_wait
                0x08000a7c                __dietlibc_fcntl64
                0x08000a8a                timer_create
                0x08000a98                timer_settime
                0x08000aa6                timer_gettime
                0x08000ab4                timer_getoverrun
                0x08000ac2                timer_delete
                0x08000ad0                clock_settime
                0x08000ade                clock_gettime
                0x08000aec                clock_nanosleep
                0x08000afa                mq_setattr
                0x08000b08                mq_notify
                0x08000b16                mq_open
                0x08000b24                mq_timedreceive
                0x08000b3c                mq_timedsend
                0x08000b4a                mq_unlink
                0x08000b58                __dietlibc_statfs64
                0x08000b66                __dietlibc_fstatfs64
                0x08000b74                tkill
                0x08000b82                tgkill
                0x08000b90                set_tid_address
                0x08000b9e                set_mempolicy
                0x08000bb6                rt_sigreturn
                0x08000bc4                gettid
                0x08000bd2                remap_file_pages
                0x08000be0                readahead
                0x08000bee                quotactl
                0x08000bfc                mincore
                0x08000c0a                mbind
                0x08000c22                get_mempolicy
                0x08000c3a                futex
                0x08000c48                vserver
                0x08000c56                request_key
                0x08000c6e                keyctl
                0x08000c7c                add_key
                0x08000c94                io_submit
                0x08000ca2                io_setup
                0x08000cb0                io_getevents
                0x08000cbe                io_destroy
                0x08000ccc                io_cancel
                0x08000cda                inotify_rm_watch
                0x08000ce8                inotify_init
                0x08000cf6                inotify_add_watch
                0x08000d04                setxattr
                0x08000d1c                lsetxattr
                0x08000d34                fsetxattr
                0x08000d4c                removexattr
                0x08000d5a                lremovexattr
                0x08000d68                fremovexattr
                0x08000d76                listxattr
                0x08000d84                llistxattr
                0x08000d92                flistxattr
                0x08000da0                getxattr
                0x08000dae                lgetxattr
                0x08000dbc                fgetxattr
                0x08000dd4                clone
                0x08000dd4                __clone
                0x08000de2                __longjmp
                0x08000df8                setjmp
                0x08000df8                __setjmp
                0x08000dfc                __sigsetjmp
                0x08000dfc                sigsetjmp
 .text          0x08000e10       0x30 CMakeFiles/untitled1.elf.dir/lib/dietlibc/arm/start.S.obj
                0x08000e10                _start
                0x08000e32                _exit
 *(.text*)
 .text.SysTick_Handler
                0x08000e40       0x20 CMakeFiles/untitled1.elf.dir/arch/arm/asm/_arch.c.obj
                0x08000e40                SysTick_Handler
 .text.BSPInit  0x08000e60       0x28 CMakeFiles/untitled1.elf.dir/arch/arm/asm/_arch.c.obj
                0x08000e60                BSPInit
 .text.ArchInit
                0x08000e88       0x40 CMakeFiles/untitled1.elf.dir/arch/arm/asm/_arch.c.obj
                0x08000e88                ArchInit
 .text.OSTaskSetReg
                0x08000ec8       0x6c CMakeFiles/untitled1.elf.dir/arch/arm/asm/_arch.c.obj
                0x08000ec8                OSTaskSetReg
 .text.DisCpuInter
                0x08000f34        0x8 CMakeFiles/untitled1.elf.dir/arch/arm/asm/_arch.c.obj
                0x08000f34                DisCpuInter
 .text.SetPSP   0x08000f3c        0x8 CMakeFiles/untitled1.elf.dir/arch/arm/asm/_arch.c.obj
                0x08000f3c                SetPSP
 .text.RestoreCpuInter
                0x08000f44        0x8 CMakeFiles/untitled1.elf.dir/arch/arm/asm/_arch.c.obj
                0x08000f44                RestoreCpuInter
 .text._TaskSchedule
                0x08000f4c       0x18 CMakeFiles/untitled1.elf.dir/arch/arm/asm/_arch.c.obj
                0x08000f4c                _TaskSchedule
 .text.atomic_inc
                0x08000f64       0x22 CMakeFiles/untitled1.elf.dir/arch/arm/asm/atomic.S.obj
                0x08000f64                atomic_inc
 .text.atomic_dec
                0x08000f86       0x20 CMakeFiles/untitled1.elf.dir/arch/arm/asm/atomic.S.obj
                0x08000f86                atomic_dec
 .text.atomic_set
                0x08000fa6       0x10 CMakeFiles/untitled1.elf.dir/arch/arm/asm/atomic.S.obj
                0x08000fa6                atomic_set
 .text.atomic_read
                0x08000fb6        0x4 CMakeFiles/untitled1.elf.dir/arch/arm/asm/atomic.S.obj
                0x08000fb6                atomic_read
 .text.atomic_test
                0x08000fba       0x22 CMakeFiles/untitled1.elf.dir/arch/arm/asm/atomic.S.obj
                0x08000fba                atomic_test
 .text.atomic_test_set
                0x08000fdc       0x24 CMakeFiles/untitled1.elf.dir/arch/arm/asm/atomic.S.obj
                0x08000fdc                atomic_test_set
 .text.atomic_set_test
                0x08001000       0x24 CMakeFiles/untitled1.elf.dir/arch/arm/asm/atomic.S.obj
                0x08001000                atomic_set_test
 .text.atomic_test_inc
                0x08001024       0x26 CMakeFiles/untitled1.elf.dir/arch/arm/asm/atomic.S.obj
                0x08001024                atomic_test_inc
 .text.atomic_test_dec_nq
                0x0800104a       0x26 CMakeFiles/untitled1.elf.dir/arch/arm/asm/atomic.S.obj
                0x0800104a                atomic_test_dec_nq
 .text.Init     0x08001070       0x38 CMakeFiles/untitled1.elf.dir/arch/arm/asm/init.S.obj
                0x08001070                Init
 .text.SVC_Handler
                0x080010a8       0x1c CMakeFiles/untitled1.elf.dir/arch/arm/asm/init.S.obj
                0x080010a8                SVC_Handler
 .text.ExternInter
                0x080010c4       0x20 CMakeFiles/untitled1.elf.dir/arch/arm/asm/isr.c.obj
                0x080010c4                ExternInter
 .text.RegIsrFunc
                0x080010e4       0x28 CMakeFiles/untitled1.elf.dir/arch/arm/asm/isr.c.obj
                0x080010e4                RegIsrFunc
 .text.isr_handler
                0x0800110c        0x8 CMakeFiles/untitled1.elf.dir/arch/arm/asm/isr_handler.S.obj
                0x0800110c                isr_handler
 .text.Reset_Handler
                0x08001114       0xc0 CMakeFiles/untitled1.elf.dir/arch/arm/asm/sche.S.obj
                0x08001114                PendSV_Handler
 .text.ch432t_flow_ctrl
                0x080011d4       0x78 CMakeFiles/untitled1.elf.dir/arch/bsp/CH432T.c.obj
                0x080011d4                ch432t_flow_ctrl
 .text.ch432t_set_baud
                0x0800124c       0xac CMakeFiles/untitled1.elf.dir/arch/bsp/CH432T.c.obj
                0x0800124c                ch432t_set_baud
 .text.ch4324_set_par
                0x080012f8       0xb0 CMakeFiles/untitled1.elf.dir/arch/bsp/CH432T.c.obj
                0x080012f8                ch4324_set_par
 .text.Ch432_SPI_Init
                0x080013a8      0x21c CMakeFiles/untitled1.elf.dir/arch/bsp/CH432T.c.obj
                0x080013a8                Ch432_SPI_Init
 .text.CH432Seril0Send
                0x080015c4       0x50 CMakeFiles/untitled1.elf.dir/arch/bsp/CH432T.c.obj
                0x080015c4                CH432Seril0Send
 .text.CH432Seril1Send
                0x08001614       0x50 CMakeFiles/untitled1.elf.dir/arch/bsp/CH432T.c.obj
                0x08001614                CH432Seril1Send
 .text.CH432Seril0Rcv
                0x08001664       0xa8 CMakeFiles/untitled1.elf.dir/arch/bsp/CH432T.c.obj
                0x08001664                CH432Seril0Rcv
 .text.CH432Seril1Rcv
                0x0800170c       0xa8 CMakeFiles/untitled1.elf.dir/arch/bsp/CH432T.c.obj
                0x0800170c                CH432Seril1Rcv
 .text.CH432Interrupt
                0x080017b4      0x168 CMakeFiles/untitled1.elf.dir/arch/bsp/CH432T.c.obj
                0x080017b4                CH432Interrupt
 .text.EXTI9_5_IRQHandler
                0x0800191c       0x30 CMakeFiles/untitled1.elf.dir/arch/bsp/CH432T.c.obj
                0x0800191c                EXTI9_5_IRQHandler
 .text.SPI2_Init
                0x0800194c       0x70 CMakeFiles/untitled1.elf.dir/arch/bsp/SPI2.c.obj
                0x0800194c                SPI2_Init
 .text.SPI2_ReadWriteByte
                0x080019bc       0x54 CMakeFiles/untitled1.elf.dir/arch/bsp/SPI2.c.obj
                0x080019bc                SPI2_ReadWriteByte
 .text.SysCtlDelay
                0x08001a10        0x6 CMakeFiles/untitled1.elf.dir/arch/bsp/SysCtlDelay.S.obj
                0x08001a10                SysCtlDelay
 *fill*         0x08001a16        0x2 
 .text.delay_ms
                0x08001a18       0x10 CMakeFiles/untitled1.elf.dir/arch/bsp/delay.c.obj
                0x08001a18                delay_ms
 .text.EXTI15_10_IRQHandler
                0x08001a28       0x74 CMakeFiles/untitled1.elf.dir/arch/bsp/dm9000.c.obj
                0x08001a28                EXTI15_10_IRQHandler
 .text.DM9000_Set_PHYMode
                0x08001a9c       0xdc CMakeFiles/untitled1.elf.dir/arch/bsp/dm9000.c.obj
                0x08001a9c                DM9000_Set_PHYMode
 .text.DM9000_Init
                0x08001b78      0x394 CMakeFiles/untitled1.elf.dir/arch/bsp/dm9000.c.obj
                0x08001b78                DM9000_Init
 .text.DM9000_SendPacket
                0x08001f0c       0xf0 CMakeFiles/untitled1.elf.dir/arch/bsp/dm9000.c.obj
                0x08001f0c                DM9000_SendPacket
 .text.DM9000_Receive_Packet
                0x08001ffc      0x1b4 CMakeFiles/untitled1.elf.dir/arch/bsp/dm9000.c.obj
                0x08001ffc                DM9000_Receive_Packet
 .text.NVIC_PriorityGroupConfig
                0x080021b0       0x14 CMakeFiles/untitled1.elf.dir/arch/bsp/lib/STM32F10x_FWLib/misc.c.obj
                0x080021b0                NVIC_PriorityGroupConfig
 .text.NVIC_Init
                0x080021c4       0x6c CMakeFiles/untitled1.elf.dir/arch/bsp/lib/STM32F10x_FWLib/misc.c.obj
                0x080021c4                NVIC_Init
 .text.BKP_DeInit
                0x08002230       0x14 CMakeFiles/untitled1.elf.dir/arch/bsp/lib/STM32F10x_FWLib/stm32f10x_bkp.c.obj
                0x08002230                BKP_DeInit
 .text.BKP_WriteBackupRegister
                0x08002244       0x1c CMakeFiles/untitled1.elf.dir/arch/bsp/lib/STM32F10x_FWLib/stm32f10x_bkp.c.obj
                0x08002244                BKP_WriteBackupRegister
 .text.BKP_ReadBackupRegister
                0x08002260       0x20 CMakeFiles/untitled1.elf.dir/arch/bsp/lib/STM32F10x_FWLib/stm32f10x_bkp.c.obj
                0x08002260                BKP_ReadBackupRegister
 .text.EXTI_Init
                0x08002280       0x80 CMakeFiles/untitled1.elf.dir/arch/bsp/lib/STM32F10x_FWLib/stm32f10x_exti.c.obj
                0x08002280                EXTI_Init
 .text.EXTI_GetITStatus
                0x08002300       0x1c CMakeFiles/untitled1.elf.dir/arch/bsp/lib/STM32F10x_FWLib/stm32f10x_exti.c.obj
                0x08002300                EXTI_GetITStatus
 .text.EXTI_ClearITPendingBit
                0x0800231c        0xc CMakeFiles/untitled1.elf.dir/arch/bsp/lib/STM32F10x_FWLib/stm32f10x_exti.c.obj
                0x0800231c                EXTI_ClearITPendingBit
 .text.FLASH_ErasePage
                0x08002328       0xd0 CMakeFiles/untitled1.elf.dir/arch/bsp/lib/STM32F10x_FWLib/stm32f10x_flash.c.obj
                0x08002328                FLASH_ErasePage
 .text.FLASH_ProgramHalfWord
                0x080023f8       0xc8 CMakeFiles/untitled1.elf.dir/arch/bsp/lib/STM32F10x_FWLib/stm32f10x_flash.c.obj
                0x080023f8                FLASH_ProgramHalfWord
 .text.FLASH_ClearFlag
                0x080024c0        0xc CMakeFiles/untitled1.elf.dir/arch/bsp/lib/STM32F10x_FWLib/stm32f10x_flash.c.obj
                0x080024c0                FLASH_ClearFlag
 .text.FSMC_NORSRAMInit
                0x080024cc       0xb4 CMakeFiles/untitled1.elf.dir/arch/bsp/lib/STM32F10x_FWLib/stm32f10x_fsmc.c.obj
                0x080024cc                FSMC_NORSRAMInit
 .text.FSMC_NORSRAMCmd
                0x08002580       0x28 CMakeFiles/untitled1.elf.dir/arch/bsp/lib/STM32F10x_FWLib/stm32f10x_fsmc.c.obj
                0x08002580                FSMC_NORSRAMCmd
 .text.GPIO_Init
                0x080025a8      0x328 CMakeFiles/untitled1.elf.dir/arch/bsp/lib/STM32F10x_FWLib/stm32f10x_gpio.c.obj
                0x080025a8                GPIO_Init
 .text.GPIO_ReadInputDataBit
                0x080028d0        0xc CMakeFiles/untitled1.elf.dir/arch/bsp/lib/STM32F10x_FWLib/stm32f10x_gpio.c.obj
                0x080028d0                GPIO_ReadInputDataBit
 .text.GPIO_SetBits
                0x080028dc        0x4 CMakeFiles/untitled1.elf.dir/arch/bsp/lib/STM32F10x_FWLib/stm32f10x_gpio.c.obj
                0x080028dc                GPIO_SetBits
 .text.GPIO_EXTILineConfig
                0x080028e0       0x2c CMakeFiles/untitled1.elf.dir/arch/bsp/lib/STM32F10x_FWLib/stm32f10x_gpio.c.obj
                0x080028e0                GPIO_EXTILineConfig
 .text.PWR_BackupAccessCmd
                0x0800290c        0xc CMakeFiles/untitled1.elf.dir/arch/bsp/lib/STM32F10x_FWLib/stm32f10x_pwr.c.obj
                0x0800290c                PWR_BackupAccessCmd
 .text.RCC_LSICmd
                0x08002918        0xc CMakeFiles/untitled1.elf.dir/arch/bsp/lib/STM32F10x_FWLib/stm32f10x_rcc.c.obj
                0x08002918                RCC_LSICmd
 .text.RCC_RTCCLKConfig
                0x08002924       0x10 CMakeFiles/untitled1.elf.dir/arch/bsp/lib/STM32F10x_FWLib/stm32f10x_rcc.c.obj
                0x08002924                RCC_RTCCLKConfig
 .text.RCC_RTCCLKCmd
                0x08002934        0xc CMakeFiles/untitled1.elf.dir/arch/bsp/lib/STM32F10x_FWLib/stm32f10x_rcc.c.obj
                0x08002934                RCC_RTCCLKCmd
 .text.RCC_AHBPeriphClockCmd
                0x08002940       0x18 CMakeFiles/untitled1.elf.dir/arch/bsp/lib/STM32F10x_FWLib/stm32f10x_rcc.c.obj
                0x08002940                RCC_AHBPeriphClockCmd
 .text.RCC_APB2PeriphClockCmd
                0x08002958       0x18 CMakeFiles/untitled1.elf.dir/arch/bsp/lib/STM32F10x_FWLib/stm32f10x_rcc.c.obj
                0x08002958                RCC_APB2PeriphClockCmd
 .text.RCC_APB1PeriphClockCmd
                0x08002970       0x18 CMakeFiles/untitled1.elf.dir/arch/bsp/lib/STM32F10x_FWLib/stm32f10x_rcc.c.obj
                0x08002970                RCC_APB1PeriphClockCmd
 .text.RCC_BackupResetCmd
                0x08002988        0xc CMakeFiles/untitled1.elf.dir/arch/bsp/lib/STM32F10x_FWLib/stm32f10x_rcc.c.obj
                0x08002988                RCC_BackupResetCmd
 .text.RCC_GetFlagStatus
                0x08002994       0x30 CMakeFiles/untitled1.elf.dir/arch/bsp/lib/STM32F10x_FWLib/stm32f10x_rcc.c.obj
                0x08002994                RCC_GetFlagStatus
 .text.RTC_ITConfig
                0x080029c4       0x1c CMakeFiles/untitled1.elf.dir/arch/bsp/lib/STM32F10x_FWLib/stm32f10x_rtc.c.obj
                0x080029c4                RTC_ITConfig
 .text.RTC_EnterConfigMode
                0x080029e0       0x14 CMakeFiles/untitled1.elf.dir/arch/bsp/lib/STM32F10x_FWLib/stm32f10x_rtc.c.obj
                0x080029e0                RTC_EnterConfigMode
 .text.RTC_ExitConfigMode
                0x080029f4       0x14 CMakeFiles/untitled1.elf.dir/arch/bsp/lib/STM32F10x_FWLib/stm32f10x_rtc.c.obj
                0x080029f4                RTC_ExitConfigMode
 .text.RTC_SetPrescaler
                0x08002a08       0x28 CMakeFiles/untitled1.elf.dir/arch/bsp/lib/STM32F10x_FWLib/stm32f10x_rtc.c.obj
                0x08002a08                RTC_SetPrescaler
 .text.RTC_WaitForLastTask
                0x08002a30       0x10 CMakeFiles/untitled1.elf.dir/arch/bsp/lib/STM32F10x_FWLib/stm32f10x_rtc.c.obj
                0x08002a30                RTC_WaitForLastTask
 .text.RTC_WaitForSynchro
                0x08002a40       0x1c CMakeFiles/untitled1.elf.dir/arch/bsp/lib/STM32F10x_FWLib/stm32f10x_rtc.c.obj
                0x08002a40                RTC_WaitForSynchro
 .text.SPI_Init
                0x08002a5c       0x54 CMakeFiles/untitled1.elf.dir/arch/bsp/lib/STM32F10x_FWLib/stm32f10x_spi.c.obj
                0x08002a5c                SPI_Init
 .text.SPI_Cmd  0x08002ab0       0x1c CMakeFiles/untitled1.elf.dir/arch/bsp/lib/STM32F10x_FWLib/stm32f10x_spi.c.obj
                0x08002ab0                SPI_Cmd
 .text.SPI_I2S_SendData
                0x08002acc        0x4 CMakeFiles/untitled1.elf.dir/arch/bsp/lib/STM32F10x_FWLib/stm32f10x_spi.c.obj
                0x08002acc                SPI_I2S_SendData
 .text.SPI_I2S_ReceiveData
                0x08002ad0        0x8 CMakeFiles/untitled1.elf.dir/arch/bsp/lib/STM32F10x_FWLib/stm32f10x_spi.c.obj
                0x08002ad0                SPI_I2S_ReceiveData
 .text.SPI_I2S_GetFlagStatus
                0x08002ad8        0xc CMakeFiles/untitled1.elf.dir/arch/bsp/lib/STM32F10x_FWLib/stm32f10x_spi.c.obj
                0x08002ad8                SPI_I2S_GetFlagStatus
 .text.TIM_TimeBaseInit
                0x08002ae4       0xac CMakeFiles/untitled1.elf.dir/arch/bsp/lib/STM32F10x_FWLib/stm32f10x_tim.c.obj
                0x08002ae4                TIM_TimeBaseInit
 .text.TIM_Cmd  0x08002b90       0x1c CMakeFiles/untitled1.elf.dir/arch/bsp/lib/STM32F10x_FWLib/stm32f10x_tim.c.obj
                0x08002b90                TIM_Cmd
 .text.TIM_ITConfig
                0x08002bac       0x14 CMakeFiles/untitled1.elf.dir/arch/bsp/lib/STM32F10x_FWLib/stm32f10x_tim.c.obj
                0x08002bac                TIM_ITConfig
 .text.TIM_GetITStatus
                0x08002bc0       0x18 CMakeFiles/untitled1.elf.dir/arch/bsp/lib/STM32F10x_FWLib/stm32f10x_tim.c.obj
                0x08002bc0                TIM_GetITStatus
 .text.TIM_ClearITPendingBit
                0x08002bd8        0x8 CMakeFiles/untitled1.elf.dir/arch/bsp/lib/STM32F10x_FWLib/stm32f10x_tim.c.obj
                0x08002bd8                TIM_ClearITPendingBit
 .text.NMI_Handler
                0x08002be0        0x4 CMakeFiles/untitled1.elf.dir/arch/bsp/lib/stm32f10x_it.c.obj
                0x08002be0                NMI_Handler
 .text.HardFault_Handler
                0x08002be4        0x4 CMakeFiles/untitled1.elf.dir/arch/bsp/lib/stm32f10x_it.c.obj
                0x08002be4                HardFault_Handler
 .text.MemManage_Handler
                0x08002be8        0x4 CMakeFiles/untitled1.elf.dir/arch/bsp/lib/stm32f10x_it.c.obj
                0x08002be8                MemManage_Handler
 .text.BusFault_Handler
                0x08002bec        0x4 CMakeFiles/untitled1.elf.dir/arch/bsp/lib/stm32f10x_it.c.obj
                0x08002bec                BusFault_Handler
 .text.UsageFault_Handler
                0x08002bf0        0x4 CMakeFiles/untitled1.elf.dir/arch/bsp/lib/stm32f10x_it.c.obj
                0x08002bf0                UsageFault_Handler
 .text.DebugMon_Handler
                0x08002bf4        0x4 CMakeFiles/untitled1.elf.dir/arch/bsp/lib/stm32f10x_it.c.obj
                0x08002bf4                DebugMon_Handler
 .text.MY_NVIC_Init
                0x08002bf8       0x70 CMakeFiles/untitled1.elf.dir/arch/bsp/lib/sys.c.obj
                0x08002bf8                MY_NVIC_Init
 .text.Ex_NVIC_Config
                0x08002c68       0x70 CMakeFiles/untitled1.elf.dir/arch/bsp/lib/sys.c.obj
                0x08002c68                Ex_NVIC_Config
 .text.SystemInit
                0x08002cd8      0x100 CMakeFiles/untitled1.elf.dir/arch/bsp/lib/system_stm32f10x.c.obj
                0x08002cd8                SystemInit
 .text.lwip_dm9000_input_task
                0x08002dd8        0xc CMakeFiles/untitled1.elf.dir/arch/bsp/net_init.c.obj
                0x08002dd8                lwip_dm9000_input_task
 .text.lwip_hard_init
                0x08002de4       0x30 CMakeFiles/untitled1.elf.dir/arch/bsp/net_init.c.obj
                0x08002de4                lwip_hard_init
 .text.lwip_comm_init
                0x08002e14      0x138 CMakeFiles/untitled1.elf.dir/arch/bsp/net_init.c.obj
                0x08002e14                lwip_comm_init
 .text.RTC_IRQHandler
                0x08002f4c       0x40 CMakeFiles/untitled1.elf.dir/arch/bsp/rtc.c.obj
                0x08002f4c                RTC_IRQHandler
 .text.RTC_Init
                0x08002f8c      0x178 CMakeFiles/untitled1.elf.dir/arch/bsp/rtc.c.obj
                0x08002f8c                RTC_Init
 .text.rtc_set_tick
                0x08003104       0x54 CMakeFiles/untitled1.elf.dir/arch/bsp/rtc.c.obj
                0x08003104                rtc_set_tick
 .text.rtc_get_tick
                0x08003158       0x14 CMakeFiles/untitled1.elf.dir/arch/bsp/rtc.c.obj
                0x08003158                rtc_get_tick
 .text.rtc_get_msofsec
                0x0800316c       0x18 CMakeFiles/untitled1.elf.dir/arch/bsp/rtc.c.obj
                0x0800316c                rtc_get_msofsec
 .text.FSMC_SRAM_Init
                0x08003184       0xc4 CMakeFiles/untitled1.elf.dir/arch/bsp/sram.c.obj
                0x08003184                FSMC_SRAM_Init
 .text.sram_test
                0x08003248       0x38 CMakeFiles/untitled1.elf.dir/arch/bsp/sram.c.obj
                0x08003248                sram_test
 .text.tim3_isr
                0x08003280       0x2c CMakeFiles/untitled1.elf.dir/arch/bsp/tim3.c.obj
                0x08003280                tim3_isr
 .text.TIM3_BASEInitSys
                0x080032ac       0x64 CMakeFiles/untitled1.elf.dir/arch/bsp/tim3.c.obj
                0x080032ac                TIM3_BASEInitSys
 .text.Reset_Handler
                0x08003310       0x44 CMakeFiles/untitled1.elf.dir/arch/cpu/startup_stm32f103xe.S.obj
                0x08003310                Reset_Handler
 .text.read_bk  0x08003354       0x24 CMakeFiles/untitled1.elf.dir/drivers/bk_flash.c.obj
                0x08003354                read_bk
 .text.write_bk
                0x08003378       0x44 CMakeFiles/untitled1.elf.dir/drivers/bk_flash.c.obj
                0x08003378                write_bk
 .text.erase_bk
                0x080033bc       0x38 CMakeFiles/untitled1.elf.dir/drivers/bk_flash.c.obj
                0x080033bc                erase_bk
 .text.bk_flash_exit
                0x080033f4       0x14 CMakeFiles/untitled1.elf.dir/drivers/bk_flash.c.obj
                0x080033f4                bk_flash_exit
 .text.bk_flash_init
                0x08003408       0x58 CMakeFiles/untitled1.elf.dir/drivers/bk_flash.c.obj
                0x08003408                bk_flash_init
 .text.null_write
                0x08003460        0x4 CMakeFiles/untitled1.elf.dir/drivers/null.c.obj
 .text.null_init
                0x08003464       0x18 CMakeFiles/untitled1.elf.dir/drivers/null.c.obj
                0x08003464                null_init
 .text.null_read
                0x0800347c       0x14 CMakeFiles/untitled1.elf.dir/drivers/null.c.obj
 .text.null_close
                0x08003490       0x14 CMakeFiles/untitled1.elf.dir/drivers/null.c.obj
                0x08003490                null_close
 .text.uart_close
                0x080034a4       0x18 CMakeFiles/untitled1.elf.dir/drivers/serial.c.obj
 .text.ch432t_read_cb
                0x080034bc       0x40 CMakeFiles/untitled1.elf.dir/drivers/serial.c.obj
 .text.uart_write
                0x080034fc       0x3c CMakeFiles/untitled1.elf.dir/drivers/serial.c.obj
 .text.uart_ioctl
                0x08003538      0x19c CMakeFiles/untitled1.elf.dir/drivers/serial.c.obj
 .text.console_write
                0x080036d4       0x44 CMakeFiles/untitled1.elf.dir/drivers/serial.c.obj
                0x080036d4                console_write
 .text.uart_open
                0x08003718      0x1d0 CMakeFiles/untitled1.elf.dir/drivers/serial.c.obj
                0x08003718                uart_open
 .text.tty_read
                0x080038e8       0x48 CMakeFiles/untitled1.elf.dir/drivers/tty.c.obj
 .text.tty_write
                0x08003930       0x4c CMakeFiles/untitled1.elf.dir/drivers/tty.c.obj
 .text.tty_release
                0x0800397c       0x50 CMakeFiles/untitled1.elf.dir/drivers/tty.c.obj
 .text.tty_def_line_read
                0x080039cc       0xdc CMakeFiles/untitled1.elf.dir/drivers/tty.c.obj
                0x080039cc                tty_def_line_read
 .text.tty_add_w_queue
                0x08003aa8       0x80 CMakeFiles/untitled1.elf.dir/drivers/tty.c.obj
 .text.tty_init
                0x08003b28       0x40 CMakeFiles/untitled1.elf.dir/drivers/tty.c.obj
                0x08003b28                tty_init
 .text.tty_ioctl
                0x08003b68      0x124 CMakeFiles/untitled1.elf.dir/drivers/tty.c.obj
 .text.tty_open
                0x08003c8c       0xa0 CMakeFiles/untitled1.elf.dir/drivers/tty.c.obj
 .text.tty_close
                0x08003d2c       0x2c CMakeFiles/untitled1.elf.dir/drivers/tty.c.obj
                0x08003d2c                tty_close
 .text.tty_def_line_handler
                0x08003d58      0x2e8 CMakeFiles/untitled1.elf.dir/drivers/tty.c.obj
                0x08003d58                tty_def_line_handler
 .text.tty_def_line_write
                0x08004040       0x98 CMakeFiles/untitled1.elf.dir/drivers/tty.c.obj
                0x08004040                tty_def_line_write
 .text.q_clear  0x080040d8       0x18 CMakeFiles/untitled1.elf.dir/drivers/tty_queue.c.obj
                0x080040d8                q_clear
 .text.q_add    0x080040f0       0x3c CMakeFiles/untitled1.elf.dir/drivers/tty_queue.c.obj
                0x080040f0                q_add
 .text.q_check_f
                0x0800412c       0x38 CMakeFiles/untitled1.elf.dir/drivers/tty_queue.c.obj
                0x0800412c                q_check_f
 .text.q_get_f  0x08004164       0x40 CMakeFiles/untitled1.elf.dir/drivers/tty_queue.c.obj
                0x08004164                q_get_f
 .text.q_get    0x080041a4       0x44 CMakeFiles/untitled1.elf.dir/drivers/tty_queue.c.obj
                0x080041a4                q_get
 .text.sys_execve
                0x080041e8      0x1e8 CMakeFiles/untitled1.elf.dir/elf/elf_main.c.obj
                0x080041e8                sys_execve
 .text.do_alloc
                0x080043d0        0x4 CMakeFiles/untitled1.elf.dir/elf/elf_main.c.obj
                0x080043d0                do_alloc
 .text.do_alloc_sdram
                0x080043d4        0x4 CMakeFiles/untitled1.elf.dir/elf/elf_main.c.obj
                0x080043d4                do_alloc_sdram
 .text.is_streq
                0x080043d8       0x3c CMakeFiles/untitled1.elf.dir/elf/elf_main.c.obj
                0x080043d8                is_streq
 .text.freeElf  0x08004414       0x5c CMakeFiles/untitled1.elf.dir/elf/loader.c.obj
 .text.loadSecData
                0x08004470       0xb8 CMakeFiles/untitled1.elf.dir/elf/loader.c.obj
 .text.relocateSection.isra.0
                0x08004528      0x330 CMakeFiles/untitled1.elf.dir/elf/loader.c.obj
 .text.load_elf
                0x08004858      0x518 CMakeFiles/untitled1.elf.dir/elf/loader.c.obj
                0x08004858                load_elf
 .text.unload_elf
                0x08004d70       0x44 CMakeFiles/untitled1.elf.dir/elf/loader.c.obj
                0x08004d70                unload_elf
 .text.bk_cache_init
                0x08004db4       0x68 CMakeFiles/untitled1.elf.dir/fs/bk.c.obj
                0x08004db4                bk_cache_init
 .text.rel_bk1  0x08004e1c      0x110 CMakeFiles/untitled1.elf.dir/fs/bk.c.obj
                0x08004e1c                rel_bk1
 .text.rel_bk   0x08004f2c       0xc8 CMakeFiles/untitled1.elf.dir/fs/bk.c.obj
                0x08004f2c                rel_bk
 .text.sync_rand_bk
                0x08004ff4      0x128 CMakeFiles/untitled1.elf.dir/fs/bk.c.obj
                0x08004ff4                sync_rand_bk
 .text.occ_bk   0x0800511c      0x148 CMakeFiles/untitled1.elf.dir/fs/bk.c.obj
                0x0800511c                occ_bk
 .text.sync_all_bk
                0x08005264      0x120 CMakeFiles/untitled1.elf.dir/fs/bk.c.obj
                0x08005264                sync_all_bk
 .text.sync_bk  0x08005384      0x128 CMakeFiles/untitled1.elf.dir/fs/bk.c.obj
                0x08005384                sync_bk
 .text.wbk      0x080054ac      0x19c CMakeFiles/untitled1.elf.dir/fs/bk.c.obj
                0x080054ac                wbk